
Space:1 
Space:6 
Id:12 
Id:4 
Id:2 
Keyword:6 Space:1 Integer:1 Semi:1 
Keyword:6 Space:1 Integer:1 
Keyword:6 
Id:7 
Id:7 
Id:7 
Id:7 
Id:3 
Id:4 
Variable:4 
Id:2 
Id:1 
Id:1 
Id:2 
Blob:5 
Blob:7 
Illegal:4 
Illegal:4 
Blob:3 
Illegal:5 
Blob:5 Id:1 
String:6 
String:8 
Illegal:13 
String:2 
String:3 
Id:4 
Id:7 
Illegal:13 
Id:2 
Id:4 
Id:6 
Id:4 
Illegal:3 
Id:2 
Integer:1 
Integer:1 
Integer:3 
Float:3 
Float:2 
Float:2 
Float:3 
Float:3 
Float:4 
Float:4 
Illegal:2 
Illegal:2 Plus:1 
Illegal:4 
Float:6 
Integer:4 
Integer:4 
Illegal:2 
Illegal:3 
Illegal:4 
QNumber:5 
QNumber:7 
QNumber:5 
QNumber:4 
QNumber:2 
Illegal:5 
Float:3 Float:2 
Variable:1 
Variable:2 
Variable:3 Id:1 
Variable:5 
Variable:5 
Variable:5 
Variable:5 
Illegal:1 
Illegal:1 
Illegal:1 
Illegal:1 
Variable:5 
Illegal:4 
Illegal:3 Space:1 Id:1 Rp:1 
Variable:5 
Variable:2 Variable:2 
Variable:5 
Minus:1 
Comment:2 
Comment:10 
Comment:10 Space:1 Keyword:6 
Ptr:2 
Ptr:3 
Ptr:3 Gt:1 
Comment:3 
Slash:1 
Slash:1 Star:1 
Comment:3 
Comment:4 
Comment:13 Id:1 
Comment:15 
Comment:3 
Star:1 Slash:1 
Plus:1 
Star:1 
Rem:1 
Eq:1 
Eq:2 
Lt:1 
Le:2 
Ne:2 
LShift:2 
Gt:1 
Ge:2 
RShift:2 
Illegal:1 
Ne:2 
Illegal:1 Id:1 
BitOr:1 
Concat:2 
BitAnd:1 
BitNot:1 
Comma:1 
Dot:1 
Dot:1 Id:1 
Lp:1 
Rp:1 
Semi:1 
Illegal:1 
Illegal:1 
Illegal:1 
Illegal:1 
Illegal:1 
Illegal:1 
Keyword:6 Space:1 Star:1 Space:1 Keyword:4 Space:1 Id:1 Space:1 Keyword:5 Space:1 Id:1 Space:1 Eq:1 Space:1 Integer:1 Space:1 Keyword:3 Space:1 Id:1 Space:1 Ne:2 Space:1 String:3 Semi:1 
Keyword:6 Space:1 Keyword:4 Space:1 Id:1 Lp:1 Id:1 Comma:1 Id:1 Rp:1 Space:1 Keyword:6 Space:1 Lp:1 Integer:1 Comma:1 Space:1 Blob:5 Rp:1 Semi:1 
Keyword:6 Space:1 Keyword:5 Space:1 Id:1 Lp:1 Id:1 Space:1 Id:7 Space:1 Keyword:7 Space:1 Keyword:3 Space:1 Keyword:13 Comma:1 Space:1 Id:1 Space:1 Id:4 Space:1 Keyword:7 Space:1 Id:6 Rp:1 Semi:1 
Keyword:6 Space:1 Id:1 Ptr:2 String:5 Space:1 Ptr:3 Space:1 String:3 Space:1 Keyword:4 Space:1 Id:1 Semi:1 
Keyword:4 Space:1 Keyword:9 Space:1 Id:1 Lp:1 Id:1 Rp:1 Space:1 Keyword:2 Space:1 Lp:1 Keyword:6 Space:1 Integer:1 Space:1 Keyword:5 Space:1 Keyword:3 Space:1 Keyword:6 Space:1 Id:1 Plus:1 Integer:1 Space:1 Keyword:4 Space:1 Id:1 Space:1 Keyword:5 Space:1 Id:1 Lt:1 Integer:2 Rp:1 Space:1 Keyword:6 Space:1 Star:1 Space:1 Keyword:4 Space:1 Id:1 Semi:1 
Keyword:6 Space:1 Keyword:4 Lp:1 Integer:1 Space:1 Keyword:2 Space:1 Id:4 Rp:1 Comma:1 Space:1 Keyword:17 Comma:1 Space:1 Keyword:5 Lp:1 Keyword:6 Rp:1 Semi:1 
Id:6 
Id:9 
Id:4 
Keyword:5 Space:1 Keyword:5 Space:1 Id:6 Space:1 Keyword:6 Space:1 Keyword:6 Space:1 Id:4 Space:1 Keyword:2 Space:1 Id:7 Semi:1 
Keyword:5 Space:1 Keyword:5 Space:1 Id:6 Space:1 Keyword:6 Space:1 Keyword:6 Space:1 Id:5 Space:1 Keyword:2 Space:1 Id:4 Semi:1 
Keyword:5 Space:1 Keyword:5 Space:1 Id:10 Space:1 Keyword:4 Space:1 Keyword:6 Space:1 Id:1 Semi:1 
Keyword:5 Space:1 Keyword:5 Space:1 Id:7 Space:1 Keyword:6 Space:1 Keyword:2 Space:1 Id:2 Semi:1 
Keyword:5 Space:1 Keyword:5 Space:1 Variable:11 Space:1 Keyword:3 Space:1 Keyword:6 Space:1 Variable:11 Space:1 Id:7 
Keyword:5 Space:1 Keyword:5 Space:1 Variable:11 Space:1 Keyword:3 Space:1 Keyword:6 Space:1 Variable:12 
Keyword:5 Space:1 Keyword:5 Space:1 Variable:11 Space:1 Keyword:6 Space:1 Keyword:2 Space:1 Variable:12 
Keyword:5 Space:1 Keyword:5 Space:1 Variable:12 Space:1 Keyword:6 Space:1 Keyword:2 Space:1 Variable:11 
Keyword:5 Space:1 Keyword:5 Space:1 String:9 Space:1 Keyword:4 Space:1 Keyword:6 Space:1 String:5 
Keyword:5 Space:1 Keyword:5 Space:1 Id:13 Space:1 Keyword:6 Space:1 Keyword:2 Space:1 Id:6 Semi:1 
Keyword:5 Space:1 Keyword:5 Space:1 Id:2 Space:1 Keyword:6 Space:1 Keyword:2 Space:1 Id:6 Semi:1 
Keyword:5 Space:1 Keyword:5 Space:1 Id:6 Space:1 Keyword:6 Space:1 Id:4 Space:1 Keyword:2 Space:1 Id:4 Semi:1 
Keyword:5 Space:1 Keyword:5 Space:1 Id:9 Space:1 Keyword:6 Space:1 Keyword:2 Space:1 Id:9 Semi:1 
Keyword:5 Space:1 Keyword:5 Space:1 Id:4 Space:1 Keyword:4 Space:1 Keyword:10 Space:1 Id:18 
Keyword:5 Space:1 Keyword:5 Space:1 Id:4 Space:1 Keyword:4 Space:1 Keyword:10 Space:1 Id:16 
Keyword:5 Space:1 Keyword:5 Space:1 Id:6 Space:1 Keyword:6 Space:1 Keyword:2 Space:1 Id:6 Semi:1 
Keyword:5 Space:1 Keyword:5 Space:1 Id:6 Space:1 Keyword:6 Space:1 Keyword:2 Space:1 Id:2 Semi:1 
Keyword:5 Space:1 Keyword:5 Space:1 Id:6 Space:1 Keyword:6 Space:1 Keyword:2 Space:1 Id:2 Semi:1 
Keyword:5 Space:1 Keyword:5 Space:1 Id:4 Space:1 Keyword:6 Space:1 Keyword:2 Space:1 Id:6 Semi:1 
Keyword:5 Space:1 Keyword:5 Space:1 Id:12 Space:1 Keyword:6 Space:1 Keyword:2 Space:1 Id:7 Semi:1 
Keyword:5 Space:1 Keyword:5 Space:1 Id:1 Space:1 Keyword:6 Space:1 Keyword:2 Space:1 Id:1 Semi:1 
Keyword:5 Space:1 Keyword:5 Space:1 Id:1 Space:1 Keyword:6 Space:1 Keyword:2 Space:1 Id:1 Semi:1 
Keyword:5 Space:1 Keyword:5 Space:1 Id:1 Space:1 Keyword:6 Space:1 Id:1 Space:1 Keyword:2 Space:1 Id:1 Semi:1 
Keyword:5 Space:1 Keyword:5 Space:1 Id:1 Space:1 Keyword:6 Space:1 Id:1 Space:1 Keyword:2 Space:1 Id:1 Semi:1 
Keyword:5 Space:1 Keyword:5 Space:1 Id:2 Space:1 Keyword:6 Space:1 Id:1 Space:1 Keyword:2 Space:1 Id:3 Semi:1 
Keyword:5 Space:1 Keyword:5 Space:1 Id:2 Space:1 Keyword:6 Space:1 Id:3 Space:1 Keyword:2 Space:1 Id:1 Semi:1 
Keyword:5 Space:1 Keyword:5 Space:1 Id:2 Space:1 Keyword:6 Space:1 Id:1 Space:1 Keyword:2 Space:1 Id:3 Semi:1 
Keyword:5 Space:1 Keyword:5 Space:1 Id:3 Space:1 Keyword:3 Space:1 Keyword:5 Space:1 Lp:1 Id:1 Ge:2 Integer:1 Rp:1 Semi:1 
Keyword:5 Space:1 Keyword:5 Space:1 Id:3 Space:1 Keyword:3 Space:1 Id:1 Space:1 Keyword:7 Space:1 Keyword:4 Semi:1 
Keyword:5 Space:1 Keyword:5 Space:1 Id:3 Space:1 Keyword:3 Space:1 Id:1 Space:1 Keyword:7 Space:1 Integer:2 Semi:1 
Keyword:5 Space:1 Keyword:5 Space:1 Id:3 Space:1 Keyword:3 Space:1 Id:1 Space:1 Keyword:7 Space:1 Keyword:4 Semi:1 
Keyword:5 Space:1 Keyword:5 Space:1 Id:3 Space:1 Keyword:5 Space:1 Keyword:6 Space:1 Id:1 Space:1 Keyword:4 Space:1 Keyword:3 Space:1 Keyword:4 Semi:1 
Keyword:5 Space:1 Keyword:5 Space:1 Id:3 Space:1 Keyword:5 Space:1 Id:1 Space:1 Keyword:4 Space:1 Keyword:3 Space:1 Keyword:4 Semi:1 
Keyword:5 Space:1 Keyword:5 Space:1 Id:3 Space:1 Keyword:5 Space:1 Id:1 Space:1 Keyword:3 Space:1 Keyword:3 Space:1 Keyword:4 Semi:1 
Keyword:5 Space:1 Keyword:5 Space:1 Id:3 Space:1 Keyword:4 Space:1 Keyword:10 Space:1 Id:3 
Keyword:5 Space:1 Keyword:5 Space:1 Id:3 Space:1 Keyword:4 Space:1 Keyword:10 Space:1 Id:3 Semi:1 
Keyword:5 Space:1 Keyword:5 Space:1 Id:3 Space:1 Keyword:4 Space:1 Keyword:10 Space:1 Id:3 Semi:1 
Keyword:5 Space:1 Keyword:5 Space:1 Id:3 Space:1 Keyword:6 Space:1 Keyword:2 Space:1 Id:11 Semi:1 
Keyword:5 Space:1 Keyword:5 Space:1 Id:3 Dot:1 Id:2 Space:1 Keyword:6 Space:1 Keyword:2 Space:1 Id:3 Semi:1 
Keyword:5 Space:1 Keyword:5 Space:1 Id:3 Dot:1 Id:2 Space:1 Keyword:3 Space:1 Keyword:6 Space:1 Id:1 Space:1 Id:7 Lp:1 Integer:3 Rp:1 Semi:1 
Keyword:5 Space:1 Keyword:5 Space:1 Id:3 Dot:1 Id:2 Space:1 Keyword:3 Space:1 Keyword:6 Space:1 Id:1 Space:1 Keyword:7 Space:1 Integer:4 Semi:1 
Keyword:5 Space:1 Keyword:5 Space:1 Id:3 Dot:1 Id:2 Space:1 Keyword:3 Space:1 Keyword:10 Space:1 Id:4 Space:1 Keyword:5 Space:1 Lp:1 Id:1 Ne:2 Integer:1 Rp:1 Semi:1 
Keyword:5 Space:1 Keyword:5 Space:1 Id:3 Dot:1 Id:2 Space:1 Keyword:5 Space:1 Keyword:6 Space:1 Id:1 Space:1 Keyword:3 Space:1 Keyword:3 Space:1 Keyword:4 
Keyword:5 Space:1 Keyword:5 Space:1 Id:3 Dot:1 Id:2 Space:1 Keyword:5 Space:1 Keyword:6 Space:1 Id:1 Space:1 Keyword:3 Space:1 Keyword:3 Space:1 Keyword:4 Semi:1 
Keyword:5 Space:1 Keyword:5 Space:1 Id:3 Dot:1 Id:2 Space:1 Keyword:5 Space:1 Id:1 Space:1 Keyword:4 Space:1 Keyword:3 Space:1 Keyword:4 Semi:1 
Keyword:5 Space:1 Keyword:5 Space:1 Id:3 Dot:1 Id:2 Space:1 Keyword:4 Space:1 Keyword:10 Space:1 Id:4 Semi:1 
Keyword:5 Space:1 Keyword:5 Space:1 Id:3 Dot:1 Id:2 Space:1 Keyword:6 Space:1 Keyword:2 Space:1 Id:2 Semi:1 
Keyword:5 Space:1 Keyword:5 Space:1 Id:3 Dot:1 Id:2 Space:1 Keyword:6 Space:1 Keyword:2 Space:1 Id:2 Semi:1 
Keyword:5 Space:1 Keyword:5 Space:1 Id:2 Space:1 Keyword:3 Space:1 Keyword:10 Space:1 Id:3 Space:1 Keyword:5 Space:1 Lp:1 Id:1 Ne:2 Integer:1 Rp:1 Semi:1 
Keyword:5 Space:1 Keyword:5 Space:1 Id:2 Space:1 Keyword:6 Space:1 Id:1 Space:1 Keyword:2 Space:1 Id:3 Semi:1 
Keyword:5 Space:1 Keyword:5 Space:1 Id:2 Space:1 Keyword:6 Space:1 Id:1 Space:1 Keyword:2 Space:1 Id:3 Semi:1 
Keyword:5 Space:1 Keyword:5 Space:1 Id:2 Space:1 Keyword:6 Space:1 Id:1 Space:1 Keyword:2 Space:1 Id:5 Semi:1 
Keyword:5 Space:1 Keyword:5 Space:1 Id:2 Space:1 Keyword:6 Space:1 Id:1 Space:1 Keyword:2 Space:1 Id:5 Semi:1 
Keyword:5 Space:1 Keyword:5 Space:1 Id:2 Space:1 Keyword:4 Space:1 Keyword:6 Space:1 Id:1 
Keyword:5 Space:1 Keyword:5 Space:1 Id:2 Space:1 Keyword:4 Space:1 Keyword:6 Space:1 Id:1 
Keyword:5 Space:1 Keyword:5 Space:1 Id:2 Space:1 Keyword:4 Space:1 Keyword:6 Space:1 Id:1 Semi:1 
Keyword:5 Space:1 Keyword:5 Space:1 Id:2 Space:1 Keyword:4 Space:1 Id:1 
Keyword:5 Space:1 Keyword:5 Space:1 Id:2 Space:1 Keyword:4 Space:1 Id:1 
Keyword:5 Space:1 Keyword:5 Space:1 Id:2 Space:1 Keyword:4 Space:1 Id:1 
Keyword:5 Space:1 Keyword:5 Space:1 Id:2 Space:1 Keyword:4 Space:1 Keyword:6 Space:1 Id:1 Semi:1 
Keyword:5 Space:1 Keyword:5 Space:1 Id:1 Space:1 Keyword:6 Space:1 Keyword:2 Space:1 Id:3 Semi:1 
Keyword:5 Space:1 Keyword:5 Space:1 Id:3 Space:1 Keyword:6 Space:1 Keyword:2 Space:1 Id:3 Semi:1 
Keyword:5 Space:1 Keyword:5 Space:1 Id:2 Space:1 Keyword:6 Space:1 Keyword:2 Space:1 Id:4 Semi:1 
Keyword:5 Space:1 Keyword:5 Space:1 Id:3 Space:1 Keyword:3 Space:1 Keyword:6 Space:1 Id:1 Semi:1 
Keyword:5 Space:1 Keyword:5 Space:1 Id:3 Space:1 Keyword:6 Space:1 Keyword:2 Space:1 Id:3 Semi:1 
Keyword:5 Space:1 Keyword:5 Space:1 Id:2 Space:1 Keyword:6 Space:1 Id:1 Space:1 Keyword:2 Space:1 Id:1 Semi:1 
Keyword:5 Space:1 Keyword:5 Space:1 Id:3 Space:1 Keyword:4 Space:1 Keyword:6 Space:1 Id:3 Semi:1 
Keyword:5 Space:1 Keyword:5 Space:1 Id:4 Space:1 Keyword:6 Space:1 Id:1 Space:1 Keyword:2 Space:1 Id:1 Semi:1 
Keyword:5 Space:1 Keyword:5 Space:1 Id:9 Space:1 Keyword:6 Space:1 Keyword:2 Space:1 Id:2 Semi:1 
Keyword:5 Space:1 Keyword:5 Space:1 Id:3 Space:1 Keyword:6 Space:1 Keyword:6 Space:1 Id:1 Space:1 Keyword:2 Space:1 Id:1 Semi:1 
Keyword:5 Space:1 Keyword:5 Space:1 Id:9 Space:1 Keyword:6 Space:1 Keyword:2 Space:1 Id:7 Semi:1 
Keyword:5 Space:1 Keyword:5 Space:1 Id:9 Space:1 Keyword:6 Space:1 Id:4 Space:1 Keyword:2 Space:1 Id:7 Semi:1 
Keyword:5 Space:1 Keyword:5 Space:1 Id:4 Dot:1 Id:2 Space:1 Keyword:6 Space:1 Keyword:2 Space:1 Id:2 Semi:1 
Keyword:5 Space:1 Keyword:5 Space:1 Id:4 Dot:1 Id:2 Space:1 Keyword:6 Space:1 Keyword:2 Space:1 Id:2 Semi:1 
Keyword:5 Space:1 Keyword:5 Space:1 Id:4 Dot:1 Id:2 Space:1 Keyword:6 Space:1 Keyword:2 Space:1 Id:2 Semi:1 
Keyword:5 Space:1 Keyword:5 Space:1 Id:7 Space:1 Keyword:6 Space:1 Keyword:2 Space:1 Id:15 Semi:1 
Keyword:5 Space:1 Keyword:5 Space:1 Id:15 Space:1 Keyword:6 Space:1 Keyword:2 Space:1 Id:8 Semi:1 
Keyword:5 Space:1 Keyword:5 Space:1 Id:4 Space:1 Keyword:6 Space:1 Keyword:2 Space:1 Id:2 Semi:1 
Keyword:5 Space:1 Keyword:5 Space:1 Id:6 Space:1 Keyword:4 Space:1 Keyword:6 Space:1 Id:1 Semi:1 
Keyword:5 Space:1 Keyword:5 Space:1 Id:3 Space:1 Keyword:6 Space:1 Keyword:2 Space:1 Id:2 Semi:1 
Keyword:5 Space:1 Keyword:5 Space:1 Id:2 Space:1 Keyword:6 Space:1 Id:12 Space:1 Keyword:2 Space:1 Id:10 Semi:1 
Keyword:5 Space:1 Keyword:5 Space:1 Id:2 Space:1 Keyword:6 Space:1 Keyword:2 Space:1 Id:2 Semi:1 
Keyword:5 Space:1 Keyword:5 Space:1 Id:2 Space:1 Keyword:6 Space:1 Id:1 Space:1 Keyword:2 Space:1 Id:12 Semi:1 
Keyword:5 Space:1 Keyword:5 Space:1 Id:2 Space:1 Keyword:6 Space:1 Keyword:2 Space:1 Id:2 Semi:1 
Keyword:5 Space:1 Keyword:5 Space:1 Id:2 Space:1 Keyword:6 Space:1 Keyword:2 Space:1 Id:2 Semi:1 
Keyword:5 Space:1 Keyword:5 Space:1 Id:2 Space:1 Keyword:6 Space:1 Keyword:2 Space:1 Id:1 Semi:1 
Keyword:5 Space:1 Keyword:5 Space:1 Id:2 Space:1 Keyword:6 Space:1 Id:1 Space:1 Keyword:2 Space:1 Id:1 Semi:1 
Keyword:5 Space:1 Keyword:5 Space:1 Id:1 Space:1 Keyword:6 Space:1 Id:1 Space:1 Keyword:2 Space:1 Id:2 Semi:1 
Keyword:5 Space:1 Keyword:5 Space:1 Id:10 Space:1 Keyword:6 Space:1 Keyword:2 Space:1 Id:4 Semi:1 
Keyword:5 Space:1 Keyword:5 Space:1 Id:13 Space:1 Keyword:5 Space:1 Id:3 Space:1 Keyword:3 Space:1 Keyword:3 Space:1 Keyword:4 Semi:1 
Keyword:5 Space:1 Keyword:5 Space:1 Id:13 Space:1 Keyword:4 Space:1 Keyword:6 Space:1 Id:3 Semi:1 
Keyword:5 Space:1 Keyword:5 Space:1 Id:12 Space:1 Keyword:6 Space:1 Id:3 Space:1 Keyword:2 Space:1 Id:8 Semi:1 
Keyword:5 Space:1 Keyword:5 Space:1 Id:12 Space:1 Keyword:6 Space:1 Id:3 Space:1 Keyword:2 Space:1 Id:8 Semi:1 
Keyword:5 Space:1 Keyword:5 Space:1 Id:2 Space:1 Keyword:3 Space:1 Keyword:6 Space:1 Id:5 Space:1 Keyword:2 Space:1 Lp:1 Id:1 Plus:1 Integer:1 Rp:1 Space:1 Keyword:3 Space:1 Keyword:4 Space:1 Keyword:5 Lp:1 Id:1 Ne:2 Integer:1 Rp:1 Semi:1 
Keyword:5 Space:1 Keyword:5 Space:1 Id:2 Space:1 Keyword:3 Space:1 Keyword:6 Space:1 Id:5 Space:1 Keyword:2 Space:1 Lp:1 Id:1 Plus:1 Integer:1 Rp:1 Space:1 Keyword:3 Space:1 Keyword:4 Space:1 Keyword:5 Lp:1 Id:1 Ne:2 Integer:1 Rp:1 Semi:1 
Keyword:5 Space:1 Keyword:5 Space:1 Id:2 Space:1 Keyword:6 Space:1 Keyword:6 Space:1 Id:2 Space:1 Keyword:2 Space:1 Id:2 Semi:1 
Keyword:5 Space:1 Keyword:5 Space:1 Id:2 Space:1 Keyword:6 Space:1 Keyword:2 Space:1 Id:2 Semi:1 
Keyword:5 Space:1 Keyword:5 Space:1 Id:2 Space:1 Keyword:3 Space:1 Keyword:6 Space:1 Id:1 Space:1 Keyword:5 Space:1 Lp:1 Id:1 Ne:2 Integer:1 Rp:1 
Keyword:5 Space:1 Keyword:5 Space:1 Id:2 Space:1 Keyword:3 Space:1 Keyword:6 Space:1 Id:1 Space:1 Id:7 Space:1 Keyword:7 Space:1 Id:6 Semi:1 
Keyword:5 Space:1 Keyword:5 Space:1 Id:2 Space:1 Keyword:3 Space:1 Keyword:6 Space:1 Id:1 Space:1 Id:7 Space:1 Keyword:7 Space:1 Keyword:4 Semi:1 
Keyword:5 Space:1 Keyword:5 Space:1 Id:2 Space:1 Keyword:3 Space:1 Keyword:6 Space:1 Id:1 Space:1 Id:4 Space:1 Keyword:7 Space:1 Blob:9 Semi:1 
Keyword:5 Space:1 Keyword:5 Space:1 Id:2 Space:1 Keyword:3 Space:1 Keyword:6 Space:1 Id:1 Space:1 Keyword:5 Lp:1 Id:1 Ne:2 Integer:1 Rp:1 Semi:1 
Keyword:5 Space:1 Keyword:5 Space:1 Id:2 Space:1 Keyword:3 Space:1 Keyword:6 Space:1 Id:1 Space:1 Keyword:5 Lp:1 Id:1 Ne:2 Integer:1 Rp:1 Semi:1 
Keyword:5 Space:1 Keyword:5 Space:1 Id:2 Space:1 Keyword:3 Space:1 Keyword:6 Space:1 Id:1 Space:1 Keyword:5 Lp:1 Id:1 Ne:2 Integer:1 Rp:1 Semi:1 
Keyword:5 Space:1 Keyword:5 Space:1 Id:2 Space:1 Keyword:3 Space:1 Keyword:6 Space:1 Id:1 Space:1 Keyword:7 Space:1 String:3 Semi:1 
Keyword:5 Space:1 Keyword:5 Space:1 Id:2 Space:1 Keyword:3 Space:1 Keyword:6 Space:1 Id:1 Space:1 Id:3 Space:1 Keyword:7 Space:1 Integer:2 Semi:1 
Keyword:5 Space:1 Keyword:5 Space:1 Id:2 Space:1 Keyword:3 Space:1 Keyword:6 Space:1 Id:1 Space:1 Id:4 Space:1 Keyword:7 Space:1 String:14 Semi:1 
Keyword:5 Space:1 Keyword:5 Space:1 Id:2 Space:1 Keyword:3 Space:1 Keyword:6 Space:1 Id:1 Semi:1 
Keyword:5 Space:1 Keyword:5 Space:1 Id:2 Space:1 Keyword:3 Space:1 Keyword:6 Space:1 Id:1 Space:1 Keyword:2 Space:1 Lp:1 Id:1 Plus:1 Integer:1 Rp:1 Space:1 Keyword:3 Space:1 Keyword:4 Space:1 Keyword:5 Lp:1 Id:1 Ne:2 Integer:1 Rp:1 Semi:1 
Keyword:5 Space:1 Keyword:5 Space:1 Id:2 Space:1 Keyword:3 Space:1 Keyword:6 Space:1 Id:1 Space:1 Keyword:2 Space:1 Lp:1 Id:1 Plus:1 Integer:1 Rp:1 Space:1 Keyword:3 Space:1 Keyword:4 Space:1 Keyword:5 Lp:1 Id:1 Ne:2 Integer:1 Rp:1 Semi:1 
Keyword:5 Space:1 Keyword:5 Space:1 Id:2 Space:1 Keyword:3 Space:1 Keyword:6 Space:1 Id:1 Space:1 Keyword:2 Space:1 Lp:1 Id:1 Plus:1 Integer:1 Rp:1 Space:1 Keyword:3 Space:1 Keyword:4 Semi:1 
Keyword:5 Space:1 Keyword:5 Space:1 Id:2 Space:1 Keyword:3 Space:1 Keyword:6 Space:1 Id:1 Semi:1 
Keyword:5 Space:1 Keyword:5 Space:1 Id:2 Space:1 Keyword:3 Space:1 Keyword:6 Space:1 Id:1 Semi:1 
Keyword:5 Space:1 Keyword:5 Space:1 Id:2 Space:1 Keyword:3 Space:1 Keyword:6 Space:1 Id:1 Space:1 Keyword:10 Space:1 Id:2 Semi:1 
Keyword:5 Space:1 Keyword:5 Space:1 Id:2 Space:1 Keyword:3 Space:1 Keyword:6 Space:1 Id:1 Space:1 Keyword:10 Space:1 Id:2 Space:1 Keyword:7 Space:1 Integer:1 Semi:1 
Keyword:5 Space:1 Keyword:5 Space:1 Id:2 Space:1 Keyword:3 Space:1 Keyword:6 Space:1 Id:1 Semi:1 Space:1 Keyword:6 Space:1 Id:2 Space:1 Keyword:3 Space:1 Id:1 Eq:1 Id:8 Lp:1 Integer:3 Rp:1 
Keyword:5 Space:1 Keyword:5 Space:1 Id:2 Space:1 Keyword:3 Space:1 Keyword:10 Space:1 Id:2 Space:1 Keyword:5 Lp:1 Space:1 Id:18 Lp:1 Integer:2 Comma:1 String:21 Comma:1 Space:1 Integer:1 Rp:1 Rp:1 Semi:1 
Keyword:5 Space:1 Keyword:5 Space:1 Id:2 Space:1 Keyword:3 Space:1 Keyword:10 Space:1 Id:2 Space:1 Keyword:5 Lp:1 Space:1 Id:1 Gt:1 Variable:2 Space:1 Rp:1 Semi:1 
Keyword:5 Space:1 Keyword:5 Space:1 Id:2 Space:1 Keyword:3 Space:1 Keyword:10 Space:1 Id:2 Space:1 Keyword:5 Lp:1 Id:1 Eq:1 Id:1 Rp:1 Space:1 Comment:9 
Keyword:5 Space:1 Keyword:5 Space:1 Id:2 Space:1 Keyword:3 Space:1 Keyword:10 Space:1 Id:2 Space:1 Keyword:5 Space:1 Lp:1 Id:1 Ne:2 Integer:1 Rp:1 Semi:1 
Keyword:5 Space:1 Keyword:5 Space:1 Id:2 Space:1 Keyword:3 Space:1 Id:1 Space:1 Id:7 Lp:1 Integer:2 Rp:1 
Keyword:5 Space:1 Keyword:5 Space:1 Id:2 Space:1 Keyword:3 Space:1 Id:1 Space:1 Keyword:7 Space:1 String:13 Semi:1 
Keyword:5 Space:1 Keyword:5 Space:1 Id:2 Space:1 Keyword:3 Space:1 Id:1 Space:1 Keyword:3 Space:1 Keyword:4 Space:1 Keyword:7 Space:1 Integer:2 Semi:1 
Keyword:5 Space:1 Keyword:5 Space:1 Id:2 Space:1 Keyword:3 Space:1 Id:1 Space:1 Keyword:3 Space:1 Keyword:4 Semi:1 
Keyword:5 Space:1 Keyword:5 Space:1 Id:2 Space:1 Keyword:3 Space:1 Id:1 Space:1 Keyword:7 Space:1 Keyword:3 Semi:1 
Keyword:5 Space:1 Keyword:5 Space:1 Id:2 Space:1 Keyword:3 Space:1 Id:1 Space:1 Keyword:6 
Keyword:5 Space:1 Keyword:5 Space:1 Id:2 Space:1 Keyword:3 Space:1 Id:1 Semi:1 
Keyword:5 Space:1 Keyword:5 Space:1 Id:2 Space:1 Keyword:3 Space:1 Id:1 Space:1 Keyword:5 Space:1 Lp:1 Id:1 Gt:1 Id:1 Rp:1 Semi:1 
Keyword:5 Space:1 Keyword:5 Space:1 Id:2 Space:1 Keyword:5 Space:1 Keyword:6 Space:1 Variable:4 Space:1 Keyword:4 Space:1 Keyword:3 Space:1 Keyword:4 
Keyword:5 Space:1 Keyword:5 Space:1 Id:2 Space:1 Keyword:5 Space:1 Id:1 Space:1 Keyword:4 Space:1 Keyword:3 Space:1 Keyword:4 Semi:1 
Keyword:5 Space:1 Keyword:5 Space:1 Id:2 Space:1 Keyword:5 Space:1 Id:1 Space:1 Keyword:3 Space:1 Keyword:3 Space:1 Keyword:4 Semi:1 
Keyword:5 Space:1 Keyword:5 Space:1 Id:2 Space:1 Keyword:5 Space:1 Id:1 Space:1 Keyword:4 Space:1 Keyword:3 Space:1 Keyword:4 Semi:1 
Keyword:5 Space:1 Keyword:5 Space:1 Id:2 Space:1 Keyword:5 Space:1 Id:1 Space:1 Keyword:3 Space:1 Keyword:3 Space:1 Keyword:4 Semi:1 
Keyword:5 Space:1 Keyword:5 Space:1 Id:2 Space:1 Keyword:5 Space:1 Id:1 Space:1 Keyword:4 Space:1 Keyword:3 Space:1 Keyword:4 Semi:1 
Keyword:5 Space:1 Keyword:5 Space:1 Id:2 Space:1 Keyword:5 Space:1 Id:1 Space:1 Keyword:3 Space:1 Keyword:3 Space:1 Keyword:4 Semi:1 
Keyword:5 Space:1 Keyword:5 Space:1 Id:2 Space:1 Keyword:5 Space:1 Id:1 Space:1 Keyword:4 Space:1 Keyword:3 Space:1 Keyword:4 Semi:1 
Keyword:5 Space:1 Keyword:5 Space:1 Id:2 Space:1 Keyword:5 Space:1 Id:1 Space:1 Keyword:3 Space:1 Keyword:3 Space:1 Keyword:4 Semi:1 
Keyword:5 Space:1 Keyword:5 Space:1 Id:2 Space:1 Keyword:5 Space:1 Id:1 Space:1 Keyword:3 Space:1 Keyword:3 Space:1 Keyword:4 Semi:1 
Keyword:5 Space:1 Keyword:5 Space:1 Id:2 Space:1 Keyword:4 Space:1 Keyword:6 Space:1 Id:1 Semi:1 
Keyword:5 Space:1 Keyword:5 Space:1 Id:2 Space:1 Keyword:4 Space:1 Keyword:6 Space:1 Id:1 Semi:1 
Keyword:5 Space:1 Keyword:5 Space:1 Id:2 Space:1 Keyword:4 Space:1 Keyword:6 Space:1 Id:1 Semi:1 
Keyword:5 Space:1 Keyword:5 Space:1 Id:2 Space:1 Keyword:4 Space:1 Keyword:6 Space:1 Id:1 Semi:1 
Keyword:5 Space:1 Keyword:5 Space:1 Id:2 Space:1 Keyword:4 Space:1 Keyword:6 Space:1 Id:1 Semi:1 
Keyword:5 Space:1 Keyword:5 Space:1 Id:2 Space:1 Keyword:4 Space:1 Keyword:6 Space:1 Id:2 Semi:1 
Keyword:5 Space:1 Keyword:5 Space:1 Id:2 Space:1 Keyword:4 Space:1 Keyword:6 Space:1 Id:1 Semi:1 
Keyword:5 Space:1 Keyword:5 Space:1 Id:2 Space:1 Keyword:4 Space:1 Keyword:6 Space:1 Id:1 Semi:1 
Keyword:5 Space:1 Keyword:5 Space:1 Id:2 Space:1 Keyword:4 Space:1 Keyword:10 Space:1 Id:6 
Keyword:5 Space:1 Keyword:5 Space:1 Id:2 Space:1 Keyword:4 Space:1 Keyword:10 Space:1 Id:3 Semi:1 
Keyword:5 Space:1 Keyword:5 Space:1 Id:2 Space:1 Keyword:4 Space:1 Id:1 Semi:1 
Keyword:5 Space:1 Keyword:5 Space:1 Id:2 Space:1 Keyword:6 Space:1 Keyword:6 Space:1 Id:7 Space:1 Keyword:2 Space:1 Id:10 Semi:1 
Keyword:5 Space:1 Keyword:5 Space:1 Id:2 Space:1 Keyword:6 Space:1 Keyword:6 Space:1 Id:1 Space:1 Keyword:2 Space:1 Id:3 Semi:1 
Keyword:5 Space:1 Keyword:5 Space:1 Id:2 Space:1 Keyword:6 Space:1 Keyword:6 Space:1 Id:1 Space:1 Keyword:2 Space:1 Id:1 Semi:1 
Keyword:5 Space:1 Keyword:5 Space:1 Id:2 Space:1 Keyword:6 Space:1 Keyword:6 Space:1 Id:1 Space:1 Keyword:2 Space:1 Id:1 Semi:1 
Keyword:5 Space:1 Keyword:5 Space:1 Id:2 Space:1 Keyword:6 Space:1 Keyword:6 Space:1 Id:1 Space:1 Keyword:2 Space:1 Id:6 Semi:1 
Keyword:5 Space:1 Keyword:5 Space:1 Id:2 Space:1 Keyword:6 Space:1 Keyword:6 Space:1 Id:1 Space:1 Keyword:2 Space:1 Id:1 Semi:1 
Keyword:5 Space:1 Keyword:5 Space:1 Id:2 Space:1 Keyword:6 Space:1 Keyword:6 Space:1 Id:6 Space:1 Keyword:2 Space:1 Id:1 Semi:1 
Keyword:5 Space:1 Keyword:5 Space:1 Id:2 Space:1 Keyword:6 Space:1 Keyword:6 Space:1 Id:1 Space:1 Keyword:2 Space:1 Id:7 Semi:1 
Keyword:5 Space:1 Keyword:5 Space:1 Id:2 Space:1 Keyword:6 Space:1 Keyword:6 Space:1 Id:1 Space:1 Keyword:2 Space:1 Id:4 Semi:1 
Keyword:5 Space:1 Keyword:5 Space:1 Id:2 Space:1 Keyword:6 Space:1 Keyword:2 Space:1 Id:45 Semi:1 
Keyword:5 Space:1 Keyword:5 Space:1 Id:2 Space:1 Keyword:6 Space:1 Keyword:2 Space:1 Id:3 Semi:1 
Keyword:5 Space:1 Keyword:5 Space:1 Id:2 Space:1 Keyword:6 Space:1 Keyword:2 Space:1 Id:5 Semi:1 
Keyword:5 Space:1 Keyword:5 Space:1 Id:2 Space:1 Keyword:6 Space:1 Keyword:2 Space:1 Id:3 
Keyword:5 Space:1 Keyword:5 Space:1 Id:2 Space:1 Keyword:6 Space:1 Keyword:2 Space:1 Id:3 Semi:1 
Keyword:5 Space:1 Keyword:5 Space:1 Id:2 Space:1 Keyword:6 Space:1 Keyword:2 Space:1 Id:2 
Keyword:5 Space:1 Keyword:5 Space:1 Id:2 Space:1 Keyword:6 Space:1 Keyword:2 Space:1 Id:2 Semi:1 
Keyword:5 Space:1 Keyword:5 Space:1 Id:2 Space:1 Keyword:6 Space:1 Keyword:2 Space:1 Id:2 Semi:1 
Keyword:5 Space:1 Keyword:5 Space:1 Id:2 Space:1 Keyword:6 Space:1 Keyword:2 Space:1 Id:2 Semi:1 
Keyword:5 Space:1 Keyword:5 Space:1 Id:2 Space:1 Keyword:6 Space:1 Keyword:2 Space:1 Id:3 Semi:1 
Keyword:5 Space:1 Keyword:5 Space:1 Id:2 Space:1 Keyword:6 Space:1 Keyword:2 Space:1 Id:1 Semi:1 
Keyword:5 Space:1 Keyword:5 Space:1 Id:2 Space:1 Keyword:6 Space:1 Keyword:2 Space:1 Id:5 Semi:1 
Keyword:5 Space:1 Keyword:5 Space:1 Id:2 Space:1 Keyword:6 Space:1 Id:1 Space:1 Keyword:2 Space:1 Id:2 Semi:1 Space:1 Comment:14 
Keyword:5 Space:1 Keyword:5 Space:1 Id:2 Space:1 Keyword:6 Space:1 Id:1 Space:1 Keyword:2 Space:1 Id:3 Semi:1 
Keyword:5 Space:1 Keyword:5 Space:1 Id:2 Space:1 Keyword:6 Space:1 Id:1 Space:1 Keyword:2 Space:1 Id:1 Semi:1 
Keyword:5 Space:1 Keyword:5 Space:1 Id:2 Space:1 Keyword:6 Space:1 Id:1 Space:1 Keyword:2 Space:1 Id:1 Semi:1 
Keyword:5 Space:1 Keyword:5 Space:1 Id:2 Space:1 Keyword:6 Space:1 Id:1 Space:1 Keyword:2 Space:1 Id:9 Semi:1 
Keyword:5 Space:1 Keyword:5 Space:1 Id:2 Space:1 Keyword:6 Space:1 Id:2 Space:1 Keyword:2 Space:1 Id:2 Semi:1 
Keyword:5 Space:1 Keyword:5 Space:1 Id:2 Space:1 Keyword:6 Space:1 Id:3 Space:1 Keyword:2 Space:1 Id:3 Semi:1 
Keyword:5 Space:1 Keyword:5 Space:1 Id:2 Space:1 Keyword:6 Space:1 Id:4 Space:1 Keyword:2 Space:1 Id:4 
Keyword:5 Space:1 Keyword:5 Space:1 Id:2 Space:1 Keyword:6 Space:1 Id:1 Space:1 Keyword:2 Space:1 Id:3 Semi:1 
Keyword:5 Space:1 Keyword:5 Space:1 Id:2 Space:1 Keyword:6 Space:1 Id:2 Space:1 Keyword:2 Space:1 Id:2 Semi:1 
Keyword:5 Space:1 Keyword:5 Space:1 Id:2 Space:1 Keyword:6 Space:1 Id:1 Space:1 Keyword:2 Space:1 Id:1 Semi:1 
Keyword:5 Space:1 Keyword:5 Space:1 Id:2 Space:1 Keyword:6 Space:1 Id:2 Space:1 Keyword:2 Space:1 Id:2 Semi:1 
Keyword:5 Space:1 Keyword:5 Space:1 Id:2 Space:1 Keyword:6 Space:1 Id:2 Space:1 Keyword:2 Space:1 Id:2 Semi:1 
Keyword:5 Space:1 Keyword:5 Space:1 Id:2 Space:1 Keyword:6 Space:1 Id:1 Space:1 Keyword:2 Space:1 Id:1 Semi:1 
Keyword:5 Space:1 Keyword:5 Space:1 Id:3 Space:1 Keyword:3 Space:1 Keyword:6 Space:1 Id:3 Semi:1 
Keyword:5 Space:1 Keyword:5 Space:1 Id:3 Space:1 Keyword:6 Space:1 Keyword:2 Space:1 Id:2 Semi:1 
Keyword:5 Space:1 Keyword:5 Space:1 Id:4 Space:1 Keyword:3 Space:1 Keyword:6 Space:1 Id:3 Semi:1 
Keyword:5 Space:1 Keyword:5 Space:1 Id:4 Space:1 Keyword:3 Space:1 Keyword:6 Space:1 Id:3 Semi:1 
Keyword:5 Space:1 Keyword:5 Space:1 Id:3 Space:1 Keyword:4 Space:1 Keyword:6 Space:1 Id:1 Semi:1 
Keyword:5 Space:1 Keyword:5 Space:1 Id:3 Space:1 Keyword:4 Space:1 Keyword:6 Space:1 Id:1 Semi:1 
Keyword:5 Space:1 Keyword:5 Space:1 Id:4 Space:1 Keyword:3 Space:1 Keyword:6 Space:1 Id:1 Space:1 Id:4 Space:1 Keyword:7 Space:1 String:7 Semi:1 
Keyword:5 Space:1 Keyword:5 Space:1 Id:4 Space:1 Keyword:6 Space:1 Keyword:2 Space:1 Id:7 Semi:1 
Keyword:5 Space:1 Keyword:5 Space:1 Id:3 Space:1 Keyword:6 Space:1 Keyword:2 Space:1 Id:2 
Keyword:5 Space:1 Keyword:5 Space:1 Id:3 Space:1 Keyword:6 Space:1 Keyword:2 Space:1 Id:2 Semi:1 
Keyword:5 Space:1 Keyword:5 Space:1 Id:3 Space:1 Keyword:6 Space:1 Id:1 Space:1 Keyword:2 Space:1 Id:3 Semi:1 
Keyword:5 Space:1 Keyword:5 Space:1 Id:3 Space:1 Keyword:6 Space:1 Id:1 Space:1 Keyword:2 Space:1 Id:3 Semi:1 
Keyword:5 Space:1 Keyword:5 Space:1 Id:3 Space:1 Keyword:6 Space:1 Id:1 Space:1 Keyword:2 Space:1 Id:1 Semi:1 
Keyword:5 Space:1 Keyword:5 Space:1 Id:2 Space:1 Keyword:3 Space:1 Keyword:6 Space:1 Id:1 Space:1 Id:7 Space:1 Keyword:7 Space:1 Integer:1 Semi:1 
Keyword:5 Space:1 Keyword:5 Space:1 Id:2 Space:1 Keyword:3 Space:1 Keyword:6 Space:1 Id:1 Space:1 Id:4 Space:1 Keyword:7 Space:1 Blob:7 Semi:1 
Keyword:5 Space:1 Keyword:5 Space:1 Id:2 Space:1 Keyword:3 Space:1 Keyword:6 Space:1 Id:1 Space:1 Keyword:10 Space:1 Id:2 Space:1 Keyword:7 Space:1 Integer:3 Semi:1 
Keyword:5 Space:1 Keyword:5 Space:1 Id:2 Space:1 Keyword:3 Space:1 Keyword:6 Space:1 Id:1 Semi:1 
Keyword:5 Space:1 Keyword:5 Space:1 Id:2 Space:1 Keyword:3 Space:1 Keyword:6 Space:1 Id:5 Space:1 Keyword:2 Space:1 Lp:1 Id:1 Plus:1 Integer:1 Rp:1 Space:1 Keyword:3 Space:1 Keyword:4 Space:1 Keyword:5 Lp:1 Id:1 Ne:2 Integer:1 Rp:1 Semi:1 
Keyword:5 Space:1 Keyword:5 Space:1 Id:2 Space:1 Keyword:3 Space:1 Keyword:6 Space:1 Id:5 Space:1 Keyword:2 Space:1 Lp:1 Id:1 Plus:1 Integer:1 Rp:1 Space:1 Keyword:3 Space:1 Keyword:4 Space:1 Keyword:5 Lp:1 Id:1 Ne:2 Integer:1 Rp:1 Semi:1 
Keyword:5 Space:1 Keyword:5 Space:1 Id:2 Space:1 Keyword:3 Space:1 Keyword:10 Space:1 Id:3 Space:1 Keyword:5 Space:1 Lp:1 Id:3 Gt:1 Id:1 Rp:1 
Keyword:5 Space:1 Keyword:5 Space:1 Id:2 Space:1 Keyword:3 Space:1 Keyword:10 Space:1 Id:7 Space:1 Keyword:5 Space:1 Lp:1 Id:1 Ne:2 String:2 Rp:1 Semi:1 
Keyword:5 Space:1 Keyword:5 Space:1 Id:2 Space:1 Keyword:3 Space:1 Id:1 Space:1 Keyword:10 Space:1 Id:2 Lp:1 Id:1 Rp:1 Space:2 Semi:1 
Keyword:5 Space:1 Keyword:5 Space:1 Id:2 Space:1 Keyword:5 Space:1 Keyword:6 Space:1 String:3 Space:1 Keyword:4 Space:1 Keyword:3 Space:1 Keyword:4 Semi:1 
Keyword:5 Space:1 Keyword:5 Space:1 Id:2 Space:1 Keyword:5 Space:1 Keyword:6 Space:1 Id:1 Space:1 Keyword:3 Space:1 Keyword:3 Space:1 Keyword:4 Semi:1 
Keyword:5 Space:1 Keyword:5 Space:1 Id:2 Space:1 Keyword:5 Space:1 Id:1 Space:1 Keyword:4 Space:1 Keyword:3 Space:1 Keyword:4 Semi:1 
Keyword:5 Space:1 Keyword:5 Space:1 Id:2 Space:1 Keyword:5 Space:1 Id:1 Space:1 Keyword:4 Space:1 Keyword:3 Space:1 Keyword:4 Semi:1 
Keyword:5 Space:1 Keyword:5 Space:1 Id:2 Space:1 Keyword:5 Space:1 Id:1 Space:1 Keyword:3 Space:1 Keyword:3 Space:1 Keyword:4 Semi:1 
Keyword:5 Space:1 Keyword:5 Space:1 Id:2 Space:1 Keyword:4 Space:1 Keyword:6 Space:1 Id:1 Semi:1 
Keyword:5 Space:1 Keyword:5 Space:1 Id:2 Space:1 Keyword:4 Space:1 Keyword:6 Space:1 Id:1 Semi:1 
Keyword:5 Space:1 Keyword:5 Space:1 Id:2 Space:1 Keyword:4 Space:1 Keyword:6 Space:1 Id:1 
Keyword:5 Space:1 Keyword:5 Space:1 Id:2 Space:1 Keyword:4 Space:1 Keyword:6 Space:1 Id:1 
Keyword:5 Space:1 Keyword:5 Space:1 Id:2 Space:1 Keyword:4 Space:1 Keyword:6 Space:1 Id:1 
Keyword:5 Space:1 Keyword:5 Space:1 Id:2 Space:1 Keyword:4 Space:1 Keyword:6 Space:1 Id:1 Semi:1 
Keyword:5 Space:1 Keyword:5 Space:1 Id:2 Space:1 Keyword:4 Space:1 Keyword:10 Space:1 Id:3 Semi:1 
Keyword:5 Space:1 Keyword:5 Space:1 Id:2 Space:1 Keyword:4 Space:1 Keyword:10 Space:1 Id:3 
Keyword:5 Space:1 Keyword:5 Space:1 Id:2 Space:1 Keyword:4 Space:1 Keyword:10 Space:1 Id:3 
Keyword:5 Space:1 Keyword:5 Space:1 Id:2 Space:1 Keyword:4 Space:1 Keyword:10 Space:1 Id:7 Semi:1 
Keyword:5 Space:1 Keyword:5 Space:1 Id:2 Space:1 Keyword:6 Space:1 Keyword:6 Space:1 Id:1 Space:1 Keyword:2 Space:1 Id:1 Semi:1 
Keyword:5 Space:1 Keyword:5 Space:1 Id:2 Space:1 Keyword:6 Space:1 Keyword:6 Space:1 Id:2 Space:1 Keyword:2 Space:1 Id:2 Semi:1 
Keyword:5 Space:1 Keyword:5 Space:1 Id:2 Space:1 Keyword:6 Space:1 Keyword:6 Space:1 Id:1 Space:1 Keyword:2 Space:1 Id:7 Semi:1 
Keyword:5 Space:1 Keyword:5 Space:1 Id:2 Space:1 Keyword:6 Space:1 Keyword:2 Space:1 Id:1 Semi:1 
Keyword:5 Space:1 Keyword:5 Space:1 Id:2 Space:1 Keyword:6 Space:1 Keyword:2 Space:1 Id:7 Semi:1 
Keyword:5 Space:1 Keyword:5 Space:1 Id:2 Space:1 Keyword:6 Space:1 Keyword:2 Space:1 Id:3 Semi:1 
Keyword:5 Space:1 Keyword:5 Space:1 Id:2 Space:1 Keyword:6 Space:1 Keyword:2 Space:1 Id:3 Semi:1 
Keyword:5 Space:1 Keyword:5 Space:1 Id:2 Space:1 Keyword:6 Space:1 Keyword:2 Space:1 Id:5 Semi:1 
Keyword:5 Space:1 Keyword:5 Space:1 Id:2 Space:1 Keyword:6 Space:1 Keyword:2 Space:1 Id:3 
Keyword:5 Space:1 Keyword:5 Space:1 Id:2 Space:1 Keyword:6 Space:1 Keyword:2 Space:1 Id:3 Semi:1 
Keyword:5 Space:1 Keyword:5 Space:1 Id:2 Space:1 Keyword:6 Space:1 Keyword:2 Space:1 Id:2 Semi:1 
Keyword:5 Space:1 Keyword:5 Space:1 Id:2 Space:1 Keyword:6 Space:1 Keyword:2 Space:1 Id:2 Semi:1 
Keyword:5 Space:1 Keyword:5 Space:1 Id:2 Space:1 Keyword:6 Space:1 Id:1 Space:1 Keyword:2 Space:1 Id:3 Semi:1 
Keyword:5 Space:1 Keyword:5 Space:1 Id:2 Space:1 Keyword:6 Space:1 Id:1 Space:1 Keyword:2 Space:1 Id:1 Semi:1 
Keyword:5 Space:1 Keyword:5 Space:1 Id:2 Space:1 Keyword:6 Space:1 Id:1 Space:1 Keyword:2 Space:1 Id:3 
Keyword:5 Space:1 Keyword:5 Space:1 Id:2 Space:1 Keyword:6 Space:1 Id:1 Space:1 Keyword:2 Space:1 Id:1 Semi:1 
Keyword:5 Space:1 Keyword:5 Space:1 Id:2 Space:1 Keyword:6 Space:1 Id:1 Space:1 Keyword:2 Space:1 Id:2 Semi:1 
Keyword:5 Space:1 Keyword:5 Space:1 Id:3 Space:1 Keyword:6 Space:1 Keyword:2 Space:1 Id:2 
Keyword:5 Space:1 Keyword:5 Space:1 Id:3 Space:1 Keyword:6 Space:1 Id:1 Space:1 Keyword:2 Space:1 Id:4 Semi:1 
Keyword:5 Space:1 Keyword:5 Space:1 Id:2 Space:1 Keyword:3 Space:1 Keyword:6 Space:1 Lp:1 Keyword:5 Space:1 Keyword:5 Space:1 Id:2 Space:1 Keyword:3 Space:1 Keyword:6 Rp:1 Semi:1 
Keyword:5 Space:1 Keyword:5 Space:1 Id:2 Space:1 Keyword:3 Space:1 Keyword:6 Space:1 Id:1 Space:1 Id:7 Lp:1 Integer:2 Comma:1 Space:1 Integer:2 Rp:1 Semi:1 
Keyword:5 Space:1 Keyword:5 Space:1 Id:2 Space:1 Keyword:5 Space:1 Id:1 Space:1 Keyword:3 Space:1 Keyword:3 Space:1 Keyword:4 
Keyword:5 Space:1 Keyword:5 Space:1 Id:2 Space:1 Keyword:4 Space:1 Keyword:6 Space:1 Id:1 
Keyword:5 Space:1 Keyword:5 Space:1 Id:2 Space:1 Keyword:6 Space:1 Keyword:6 Space:1 Id:1 Space:1 Keyword:2 Space:1 Id:1 Semi:1 
Keyword:5 Space:1 Keyword:5 Space:1 Id:2 Space:1 Keyword:6 Space:1 Keyword:2 Space:1 Id:9 Semi:1 
Keyword:5 Space:1 Keyword:5 Space:1 Id:2 Space:1 Keyword:6 Space:1 Keyword:2 Space:1 Id:3 
Keyword:5 Space:1 Keyword:5 Space:1 Id:2 Space:1 Keyword:6 Space:1 Keyword:2 Space:1 Id:2 Semi:1 
Keyword:5 Space:1 Keyword:5 Space:1 Id:2 Space:1 Keyword:6 Space:1 Keyword:2 Space:1 Id:5 Semi:1 
Keyword:5 Space:1 Keyword:5 Space:1 Id:2 Space:1 Keyword:6 Space:1 Keyword:2 Space:1 Id:3 Semi:1 
Keyword:5 Space:1 Keyword:5 Space:1 Id:2 Space:1 Keyword:6 Space:1 Keyword:2 Space:1 Id:2 Semi:1 
Keyword:5 Space:1 Keyword:5 Space:1 Id:2 Space:1 Keyword:6 Space:1 Keyword:2 Space:1 Id:2 Semi:1 
Keyword:5 Space:1 Keyword:5 Space:1 Id:2 Space:1 Keyword:6 Space:1 Id:1 Space:1 Keyword:2 Space:1 Id:11 Semi:1 
Keyword:5 Space:1 Keyword:5 Space:1 Id:2 Space:1 Keyword:6 Space:1 Id:1 Space:1 Keyword:2 Space:1 Id:3 
Keyword:5 Space:1 Keyword:5 Space:1 Id:2 Space:1 Keyword:6 Space:1 Id:1 Space:1 Keyword:2 Space:1 Id:3 Semi:1 
Keyword:5 Space:1 Keyword:5 Space:1 Id:6 Space:1 Keyword:6 Space:1 Keyword:2 Space:1 Id:13 Semi:1 
Keyword:5 Space:1 Keyword:5 Space:1 Id:6 Space:1 Keyword:6 Space:1 Keyword:2 Space:1 Id:13 Semi:1 
Keyword:5 Space:1 Keyword:5 Space:1 Id:5 Space:1 Keyword:3 Space:1 Keyword:6 Space:1 Id:1 Space:1 Keyword:7 Space:1 Keyword:3 Semi:1 
Keyword:5 Space:1 Keyword:5 Space:1 Id:5 Space:1 Keyword:3 Space:1 Keyword:6 Space:1 Id:1 Space:1 Keyword:6 Semi:1 
Keyword:5 Space:1 Keyword:5 Space:1 Id:3 Space:1 Keyword:6 Space:1 Id:1 Space:1 Keyword:2 Space:1 Id:4 Semi:1 
Keyword:5 Space:1 Keyword:5 Space:1 Id:2 Space:1 Keyword:3 Space:1 Id:3 
Keyword:5 Space:1 Keyword:5 Space:1 Id:2 Space:1 Keyword:6 Space:1 Keyword:2 Space:1 Id:3 
Keyword:5 Space:1 Keyword:5 Space:1 Id:2 Space:1 Keyword:6 Space:1 Keyword:2 Space:1 Id:2 Semi:1 
Keyword:5 Space:1 Keyword:5 Space:1 Id:2 Space:1 Keyword:6 Space:1 Id:1 Space:1 Keyword:2 Space:1 Id:1 Semi:1 
Keyword:5 Space:1 Keyword:5 Space:1 Id:2 Space:1 Keyword:6 Space:1 Id:1 Space:1 Keyword:2 Space:1 Id:3 
Keyword:5 Space:1 Keyword:5 Space:1 Id:2 Space:1 Keyword:6 Space:1 Keyword:2 Space:1 Id:5 Semi:1 
Keyword:5 Space:1 Keyword:5 Space:1 Id:2 Space:1 Keyword:6 Space:1 Id:1 Space:1 Keyword:2 Space:1 Id:3 Semi:1 
Keyword:5 Space:1 Keyword:5 Space:1 Id:2 Space:1 Keyword:3 Space:1 Keyword:6 Space:1 Id:1 Space:1 Id:7 Space:1 Keyword:7 Space:1 Lp:1 Minus:1 Lp:1 Minus:1 Integer:19 Rp:1 Rp:1 Semi:1 
Keyword:5 Space:1 Keyword:5 Space:1 Id:2 Space:1 Keyword:3 Space:1 Keyword:6 Space:1 Id:9 Semi:1 
Keyword:5 Space:1 Keyword:5 Space:1 Id:2 Space:1 Keyword:3 Space:1 Keyword:6 Space:1 Id:9 Semi:1 
Keyword:5 Space:1 Keyword:5 Space:1 Id:2 Space:1 Keyword:3 Space:1 Keyword:6 Space:1 Id:9 
Keyword:5 Space:1 Keyword:5 Space:1 Id:2 Space:1 Keyword:4 Space:1 Keyword:6 Space:1 Id:9 Semi:1 
Keyword:5 Space:1 Keyword:5 Space:1 Id:2 Space:1 Keyword:6 Space:1 Keyword:6 Space:1 Id:1 Space:1 Keyword:2 Space:1 Id:3 Semi:1 
Keyword:5 Space:1 Keyword:5 Space:1 Id:2 Space:1 Keyword:6 Space:1 Keyword:2 Space:1 Id:2 Semi:1 
Keyword:5 Space:1 Keyword:5 Space:1 Id:2 Space:1 Keyword:6 Space:1 Id:1 Space:1 Keyword:2 Space:1 Id:3 Semi:1 
Keyword:5 Space:1 Keyword:5 Space:1 Id:2 Space:1 Keyword:6 Space:1 Id:7 Space:1 Keyword:2 Space:1 Id:7 Semi:1 
Keyword:5 Space:1 Keyword:5 Space:1 Id:2 Space:1 Keyword:6 Space:1 Keyword:2 Space:1 Id:2 Semi:1 
Keyword:5 Space:1 Keyword:5 Space:1 Id:2 Space:1 Keyword:6 Space:1 Keyword:2 Space:1 Id:2 Semi:1 
Keyword:5 Space:1 Keyword:5 Space:1 Id:2 Space:1 Keyword:6 Space:1 Keyword:2 Space:1 Id:2 Semi:1 
Keyword:5 Space:1 Keyword:5 Space:1 Id:4 Space:1 Keyword:6 Space:1 Keyword:2 Space:1 Id:4 Semi:1 
Keyword:5 Space:1 Keyword:5 Space:1 Id:4 Space:1 Keyword:6 Space:1 Keyword:2 Space:1 Id:4 Semi:1 
Keyword:5 Space:1 Keyword:5 Space:1 Keyword:4 Dot:1 Id:2 Space:1 Keyword:6 Space:1 Keyword:2 Space:1 String:13 
Keyword:5 Space:1 Keyword:5 Space:1 Keyword:4 Dot:1 Id:2 Space:1 Keyword:5 Space:1 Id:1 Space:1 Keyword:3 Space:1 Keyword:3 Space:1 Keyword:4 Semi:1 
Keyword:5 Space:1 Keyword:5 Space:1 Id:3 Space:1 Keyword:6 Space:1 Keyword:2 Space:1 Id:6 Semi:1 
Keyword:5 Space:1 Keyword:5 Space:1 Id:2 Space:1 Keyword:6 Space:1 Id:1 Space:1 Keyword:2 Space:1 Id:3 Semi:1 
Keyword:5 Space:1 Keyword:5 Space:1 Id:3 Space:1 Keyword:6 Space:1 Id:1 Space:1 Keyword:2 Space:1 Id:3 Semi:1 
Keyword:5 Space:1 Keyword:5 Space:1 Id:2 Space:1 Keyword:6 Space:1 Keyword:2 Space:1 Id:2 Space:1 Semi:1 
Keyword:5 Space:1 Keyword:5 Space:1 Id:2 Space:1 Keyword:6 Space:1 Keyword:2 Space:1 Id:1 Space:1 Semi:1 
Keyword:5 Space:1 Keyword:5 Space:1 Id:2 Space:1 Keyword:6 Space:1 Keyword:2 Space:1 Id:3 Semi:1 
Keyword:5 Space:1 Keyword:5 Space:1 Id:2 Space:1 Keyword:3 Space:1 Keyword:6 Space:1 Id:10 Semi:1 
Keyword:5 Space:1 Keyword:5 Space:1 Id:2 Space:1 Keyword:5 Space:1 Id:1 Space:1 Keyword:4 Space:1 Keyword:3 Space:1 Keyword:4 
Keyword:5 Space:1 Keyword:5 Space:1 Id:2 Space:1 Keyword:5 Space:1 Id:1 Space:1 Keyword:3 Space:1 Keyword:3 Space:1 Keyword:4 Semi:1 
Keyword:5 Space:1 Keyword:5 Space:1 Id:2 Space:1 Keyword:4 Space:1 Keyword:6 Space:1 Id:1 Semi:1 
Keyword:5 Space:1 Keyword:5 Space:1 Id:2 Space:1 Keyword:6 Space:1 Keyword:2 Space:1 Id:2 Semi:1 
Keyword:5 Space:1 Keyword:5 Space:1 Id:2 Space:1 Keyword:6 Space:1 Id:1 Space:1 Keyword:2 Space:1 Id:1 Semi:1 
Keyword:5 Space:1 Keyword:5 Space:1 Id:2 Space:1 Keyword:6 Space:1 Id:1 Space:1 Keyword:2 Space:1 Id:1 Semi:1 
Keyword:5 Space:1 Keyword:5 Space:1 Id:2 Space:1 Keyword:6 Space:1 Id:1 Space:1 Keyword:2 Space:1 Id:1 Semi:1 
Keyword:5 Space:1 Keyword:5 Space:1 Id:1 Space:1 Keyword:6 Space:1 Id:2 Space:1 Keyword:2 Space:1 Id:2 Semi:1 
Keyword:5 Space:1 Keyword:5 Space:1 Id:2 Space:1 Keyword:3 Space:1 Keyword:10 Space:1 Id:3 Space:1 Keyword:5 Space:1 Lp:1 Id:1 Ne:2 String:3 Rp:1 
Keyword:5 Space:1 Keyword:5 Space:1 Id:2 Space:1 Keyword:5 Space:1 Id:1 Space:1 Keyword:3 Space:1 Keyword:3 Space:1 Keyword:4 Semi:1 
Keyword:5 Space:1 Keyword:5 Space:1 Id:2 Space:1 Keyword:5 Space:1 Id:1 Space:1 Keyword:3 Space:1 Keyword:3 Space:1 Keyword:4 
Keyword:5 Space:1 Keyword:5 Space:1 Id:2 Space:1 Keyword:5 Space:1 Id:1 Space:1 Keyword:3 Space:1 Keyword:3 Space:1 Keyword:4 Semi:1 
Keyword:5 Space:1 Keyword:5 Space:1 Id:2 Space:1 Keyword:5 Space:1 Id:5 Space:1 Keyword:3 Space:1 Keyword:3 Space:1 Keyword:4 Semi:1 
Keyword:5 Space:1 Keyword:5 Space:1 Id:2 Space:1 Keyword:4 Space:1 Keyword:6 Space:1 Id:1 
Keyword:5 Space:1 Keyword:5 Space:1 Id:2 Space:1 Keyword:4 Space:1 Keyword:6 Space:1 Id:1 Semi:1 
Keyword:5 Space:1 Keyword:5 Space:1 Id:2 Space:1 Keyword:4 Space:1 Keyword:6 Space:1 Id:1 Semi:1 
Keyword:5 Space:1 Keyword:5 Space:1 Id:2 Space:1 Keyword:4 Space:1 Keyword:6 Space:1 Id:1 
Keyword:5 Space:1 Keyword:5 Space:1 Id:2 Space:1 Keyword:4 Space:1 Keyword:6 Space:1 Id:1 
Keyword:5 Space:1 Keyword:5 Space:1 Id:2 Space:1 Keyword:4 Space:1 Keyword:10 Space:1 Id:16 
Keyword:5 Space:1 Keyword:5 Space:1 Id:2 Space:1 Keyword:6 Space:1 Keyword:6 Space:1 Id:1 Space:1 Keyword:2 Space:1 Id:3 Semi:1 
Keyword:5 Space:1 Keyword:5 Space:1 Id:2 Space:1 Keyword:6 Space:1 Keyword:2 Space:1 Id:2 Semi:1 
Keyword:5 Space:1 Keyword:5 Space:1 Id:2 Space:1 Keyword:6 Space:1 Id:1 Space:1 Keyword:2 Space:1 Id:3 Semi:1 
Keyword:5 Space:1 Keyword:5 Space:1 Id:2 Space:1 Keyword:6 Space:1 Id:1 Space:1 Keyword:2 Space:1 Id:3 Semi:1 
Keyword:5 Space:1 Keyword:5 Space:1 Id:2 Space:1 Keyword:6 Space:1 Id:3 Space:1 Keyword:2 Space:1 String:6 Semi:1 
Keyword:5 Space:1 Keyword:5 Space:1 Id:5 Space:1 Keyword:4 Space:1 Id:1 
Keyword:5 Space:1 Keyword:5 Space:1 Id:2 Space:1 Keyword:5 Space:1 Id:1 Space:1 Keyword:3 Space:1 Keyword:3 Space:1 Keyword:4 Semi:1 
Keyword:5 Space:1 Keyword:5 Space:1 Id:3 Space:1 Keyword:6 Space:1 Id:1 Space:1 Keyword:2 Space:1 Id:3 Semi:1 
Keyword:5 Space:1 Keyword:5 Space:1 Id:5 Space:1 Keyword:6 Space:1 Id:1 Space:1 Keyword:2 Space:1 Id:3 Semi:1 
Keyword:5 Space:1 Keyword:5 Space:1 Id:2 Space:1 Keyword:6 Space:1 Keyword:2 Space:1 Id:2 Semi:1 
Keyword:5 Space:1 Keyword:5 Space:1 Id:11 Space:1 Keyword:6 Space:1 Keyword:2 Space:1 Id:3 Semi:1 
Keyword:5 Space:1 Keyword:5 Space:1 Id:3 Space:1 Keyword:4 Space:1 Id:1 Semi:1 
Keyword:5 Space:1 Keyword:5 Space:1 Id:1 Space:1 Keyword:6 Space:1 Keyword:2 Space:1 Id:2 Semi:1 
Keyword:5 Space:1 Keyword:5 Space:1 Id:3 Space:1 Keyword:4 Space:1 Id:1 Semi:1 
Keyword:7 Space:1 Id:4 
Keyword:7 Space:1 Id:4 Dot:1 Id:2 Semi:1 
Keyword:7 Space:1 Id:4 Dot:1 Id:2 Semi:1 
Keyword:7 Space:1 Id:4 Semi:1 
Keyword:7 Space:1 Id:10 Dot:1 Id:13 
Keyword:7 Space:1 Id:13 
Keyword:7 Space:1 Id:13 Semi:1 
Keyword:7 Space:1 Id:13 Semi:1 
Keyword:7 Space:1 Id:2 Semi:1 
Keyword:7 Space:1 Id:4 Semi:1 
Keyword:7 Space:1 Id:2 Semi:1 
Keyword:7 Space:1 Keyword:4 Dot:1 Id:2 Semi:1 
Keyword:7 Semi:1 
Keyword:6 Space:1 String:2 Space:1 Keyword:2 Space:1 String:2 Semi:1 
Keyword:6 Space:1 String:2 Space:1 Keyword:2 Space:1 Id:6 Semi:1 
Keyword:6 Space:1 String:10 Space:1 Keyword:2 Space:1 Id:4 Semi:1 
Keyword:6 Space:1 String:10 Space:1 Keyword:2 Space:1 Id:3 Semi:1 
Keyword:6 Space:1 String:10 Space:1 Keyword:2 Space:1 Id:5 Semi:1 
Keyword:6 Space:1 String:10 Space:1 Keyword:2 Space:1 Id:5 Semi:1 
Keyword:6 Space:1 String:29 Space:1 Keyword:2 Space:1 Id:3 Semi:1 
Keyword:6 Space:1 String:27 Space:1 Keyword:2 Space:1 Id:3 Semi:1 
Keyword:6 Space:1 String:9 Space:1 Keyword:2 Space:1 Id:3 Semi:1 
Keyword:6 Space:1 String:9 Space:1 Keyword:2 Space:1 Id:3 Semi:1 
Keyword:6 Space:1 String:9 Space:1 Keyword:2 Space:1 Id:3 Semi:1 
Keyword:6 Space:1 String:9 Space:1 Keyword:2 Space:1 Id:3 Semi:1 
Keyword:6 Space:1 String:9 Space:1 Keyword:2 Space:1 Id:3 Semi:1 
Keyword:6 Space:1 String:9 Space:1 Keyword:2 Space:1 Id:3 Semi:1 
Keyword:6 Space:1 String:9 Space:1 Keyword:2 Space:1 Id:3 Semi:1 
Keyword:6 Space:1 String:9 Space:1 Keyword:2 Space:1 Id:3 Semi:1 
Keyword:6 Space:1 String:9 Space:1 Keyword:2 Space:1 Id:3 Semi:1 
Keyword:6 Space:1 String:9 Space:1 Keyword:2 Space:1 Id:4 Semi:1 
Keyword:6 Space:1 String:9 Space:1 Keyword:2 Space:1 Id:4 Semi:1 
Keyword:6 Space:1 String:9 Space:1 Keyword:2 Space:1 Id:4 Semi:1 
Keyword:6 Space:1 String:9 Space:1 Keyword:2 Space:1 Id:4 Semi:1 
Keyword:6 Space:1 String:9 Space:1 Keyword:2 Space:1 Id:4 Semi:1 
Keyword:6 Space:1 String:9 Space:1 Keyword:2 Space:1 Id:3 Semi:1 
Keyword:6 Space:1 String:9 Space:1 Keyword:2 Space:1 Id:3 Semi:1 
Keyword:6 Space:1 String:9 Space:1 Keyword:2 Space:1 Id:3 Semi:1 
Keyword:6 Space:1 String:9 Space:1 Keyword:2 Space:1 Id:4 Semi:1 
Keyword:6 Space:1 String:9 Space:1 Keyword:2 Space:1 Keyword:4 Semi:1 
Keyword:6 Space:1 String:10 Space:1 Keyword:2 Space:1 Id:3 Semi:1 
Keyword:6 Space:1 String:10 Space:1 Keyword:2 Space:1 Id:3 Semi:1 
Keyword:6 Space:1 String:10 Space:1 Keyword:2 Space:1 Id:3 Semi:1 
Keyword:6 Space:1 String:10 Space:1 Keyword:2 Space:1 Id:4 Semi:1 
Keyword:6 Space:1 String:10 Space:1 Keyword:2 Space:1 Id:3 Semi:1 
Keyword:6 Space:1 String:10 Space:1 Keyword:2 Space:1 Id:3 Semi:1 
Keyword:6 Space:1 String:10 Space:1 Keyword:2 Space:1 Id:3 Semi:1 
Keyword:6 Space:1 String:10 Space:1 Keyword:2 Space:1 Id:2 Semi:1 
Keyword:6 Space:1 String:10 Space:1 Keyword:2 Space:1 Id:3 Semi:1 
Keyword:6 Space:1 String:10 Space:1 Keyword:2 Space:1 Id:3 Semi:1 
Keyword:6 Space:1 String:10 Space:1 Keyword:2 Space:1 String:4 Semi:1 
Keyword:6 Space:1 String:10 Space:1 Keyword:2 Space:1 Keyword:2 Semi:1 
Keyword:6 Space:1 String:10 Space:1 Keyword:2 Space:1 Id:4 Semi:1 
Keyword:6 Space:1 String:10 Space:1 Keyword:2 Space:1 Id:4 Semi:1 
Keyword:6 Space:1 String:10 Space:1 Keyword:2 Space:1 Id:5 Semi:1 
Keyword:6 Space:1 String:10 Space:1 Keyword:2 Space:1 Id:4 Semi:1 
Keyword:6 Space:1 String:10 Space:1 Keyword:2 Space:1 Id:4 Semi:1 
Keyword:6 Space:1 String:10 Space:1 Keyword:2 Space:1 Id:4 Semi:1 
Keyword:6 Space:1 String:10 Space:1 Keyword:2 Space:1 Id:4 Semi:1 
Keyword:6 Space:1 String:10 Space:1 Keyword:2 Space:1 Id:4 Semi:1 
Keyword:6 Space:1 String:10 Space:1 Keyword:2 Space:1 Id:4 Semi:1 
Keyword:6 Space:1 String:10 Space:1 Keyword:2 Space:1 Id:4 Semi:1 
Keyword:6 Space:1 String:10 Space:1 Keyword:2 Space:1 Id:4 Semi:1 
Keyword:6 Space:1 String:10 Space:1 Keyword:2 Space:1 Id:4 Semi:1 
Keyword:6 Space:1 String:6 Space:1 Keyword:2 Space:1 Id:4 Semi:1 
Keyword:6 Space:1 Keyword:8 Space:1 String:2 Space:1 Keyword:2 Space:1 String:2 
Keyword:6 Space:1 Keyword:8 Space:1 String:2 Space:1 Keyword:2 Space:1 Variable:1 
Keyword:6 Space:1 Keyword:8 Space:1 String:2 Space:1 Keyword:2 Space:1 Keyword:4 
Keyword:6 Space:1 Keyword:8 Space:1 String:2 Space:1 Keyword:2 Space:1 Id:3 Semi:1 
Keyword:6 Space:1 Keyword:8 Space:1 String:17 Space:1 Keyword:2 Space:1 Id:6 Semi:1 
Keyword:6 Space:1 Keyword:8 Space:1 String:10 Space:1 Keyword:2 Space:1 Id:6 Semi:1 
Keyword:6 Space:1 Keyword:8 Space:1 String:10 Space:1 Keyword:2 Space:1 Id:5 
Keyword:6 Space:1 Keyword:8 Space:1 String:10 Space:1 Keyword:2 Space:1 Id:5 Semi:1 
Keyword:6 Space:1 Keyword:8 Space:1 String:13 Space:1 Keyword:2 Space:1 Id:6 Semi:1 
Keyword:6 Space:1 Keyword:8 Space:1 String:14 Space:1 Keyword:2 Space:1 Id:6 Semi:1 
Keyword:6 Space:1 Keyword:8 Space:1 String:9 Space:1 Keyword:2 Space:1 Id:4 Semi:1 
Keyword:6 Space:1 Keyword:8 Space:1 String:10 Space:1 Keyword:2 Space:1 Id:3 Semi:1 
Keyword:6 Space:1 Keyword:8 Space:1 String:10 Space:1 Keyword:2 Space:1 Id:3 Semi:1 
Keyword:6 Space:1 Keyword:8 Space:1 String:10 Space:1 Keyword:2 Space:1 Id:5 Semi:1 
Keyword:6 Space:1 Keyword:8 Space:1 Variable:1 Space:1 Keyword:2 Space:1 Variable:1 
Keyword:6 Space:1 Keyword:4 Space:1 Keyword:2 Space:1 Keyword:4 Semi:1 
Keyword:6 Space:1 Id:6 Lp:1 String:44 Comma:1 Integer:1 Rp:1 Space:1 Keyword:2 Space:1 Id:4 Semi:1 
Keyword:5 Space:1 Keyword:9 Semi:1 
Keyword:5 Space:1 Keyword:11 Semi:1 
Keyword:5 Semi:1 Space:45 Comment:4 
Keyword:6 Semi:1 Space:44 Comment:4 
Keyword:6 Space:1 Variable:7 Space:1 Keyword:5 Space:1 Id:12 Lp:1 Id:1 Comma:1 Id:1 Comma:1 Id:1 Space:1 Keyword:6 Rp:1 Semi:1 
Keyword:6 Space:1 Variable:7 Space:1 Keyword:5 Space:1 Id:7 Lp:1 Id:4 Comma:1 Space:1 Id:4 Comma:1 Space:1 Id:8 Rp:1 Semi:1 
Keyword:6 Space:1 Variable:7 Space:1 Keyword:7 Space:1 Id:5 Space:1 Keyword:5 Space:1 Keyword:6 Space:1 Keyword:2 Space:1 Id:4 Space:1 Keyword:5 
Keyword:6 Space:1 Variable:7 Space:1 Keyword:7 Space:1 Id:5 Space:1 Keyword:5 Space:1 Keyword:6 Space:1 Keyword:2 Space:1 Id:4 Space:1 Keyword:5 
Keyword:6 Space:1 Keyword:5 Space:1 Illegal:1 Illegal:1 Id:9 Illegal:1 Dot:1 Id:2 Space:1 Keyword:2 Space:1 Id:2 Lp:1 Id:1 Comma:1 Space:1 Id:1 Rp:1 Semi:1 
Keyword:6 Space:1 Keyword:5 Space:1 String:25 Space:1 Keyword:2 Space:1 Id:14 Lp:1 Id:1 Rp:1 Semi:1 
Keyword:6 Space:1 Keyword:5 Space:1 String:17 Space:1 Keyword:2 Space:1 Id:14 Lp:1 Id:1 Comma:1 Space:1 Id:1 Rp:1 Semi:1 
Keyword:6 Space:1 Keyword:5 Space:1 Id:8 Space:1 Keyword:2 Space:1 Id:5 Lp:1 Id:8 Comma:1 Id:4 Rp:1 Space:1 Keyword:5 Space:1 Id:8 Space:1 Eq:1 Space:1 String:7 Semi:1 
Keyword:6 Space:1 Keyword:5 Space:1 Id:2 Space:1 Keyword:2 Space:1 Id:3 Lp:1 Id:1 Rp:1 Semi:1 
Keyword:6 Space:1 Keyword:5 Space:1 Id:2 Space:1 Keyword:2 Space:1 Id:3 Lp:1 Id:1 Rp:1 Semi:1 
Keyword:6 Space:1 Keyword:5 Space:1 Id:2 Space:1 Keyword:2 Space:1 Id:2 Lp:1 Id:1 Rp:1 Semi:1 
Keyword:6 Space:1 Keyword:5 Space:1 Id:5 Space:1 Keyword:2 Space:1 Id:3 Lp:1 Id:1 Rp:1 Semi:1 
Keyword:6 Space:1 Keyword:5 Space:1 Id:23 Space:1 Keyword:2 Space:1 Id:9 Lp:1 Id:7 Rp:1 Semi:1 
Keyword:6 Space:1 Keyword:5 Space:1 Id:3 Dot:1 Id:2 Space:1 Keyword:2 Space:1 Id:2 Lp:1 Id:1 Rp:1 Semi:1 
Keyword:6 Space:1 Keyword:5 Space:1 Id:3 Dot:1 Id:2 Space:1 Keyword:2 Space:1 Id:2 Lp:1 Id:1 Rp:1 Semi:1 
Keyword:6 Space:1 Keyword:5 Space:1 Id:3 Dot:1 Id:3 Space:1 Keyword:2 Space:1 Id:2 Lp:1 Id:1 Rp:1 Semi:1 
Keyword:6 Space:1 Keyword:5 Space:1 Id:3 Dot:1 Id:3 Space:1 Keyword:2 Space:1 Id:2 Lp:1 Id:1 Rp:1 Semi:1 
Keyword:6 Space:1 Keyword:5 Space:1 Id:4 Dot:1 Id:2 Space:1 Keyword:2 Space:1 Id:2 Lp:1 Id:1 Rp:1 Semi:1 
Keyword:6 Space:1 Keyword:5 Space:1 Id:4 Dot:1 Id:2 Space:1 Keyword:2 Space:1 Id:2 Lp:1 Id:1 Rp:1 Semi:1 
Keyword:6 Space:1 Keyword:5 Space:1 Id:7 Space:1 Keyword:2 Space:1 Id:3 Lp:1 Id:1 Rp:1 Semi:1 
Keyword:6 Space:1 Keyword:5 Space:1 Id:6 Space:1 Keyword:2 Space:1 Id:3 Lp:1 Id:1 Rp:1 Semi:1 
Keyword:6 Space:1 Keyword:5 Space:1 Id:6 Space:1 Keyword:2 Space:1 Id:3 Lp:1 Id:1 Rp:1 Semi:1 
Keyword:6 Space:1 Keyword:5 Space:1 Id:6 Space:1 Keyword:2 Space:1 Id:3 Lp:1 Id:1 Rp:1 Semi:1 
Keyword:6 Space:1 Keyword:5 Space:1 Id:6 Space:1 Keyword:2 Space:1 Id:3 Lp:1 Id:1 Rp:1 Semi:1 
Keyword:6 Space:1 Keyword:5 Space:1 Id:6 Space:1 Keyword:2 Space:1 Id:3 Lp:1 Id:1 Rp:1 Semi:1 
Keyword:6 Space:1 Keyword:5 Space:1 Id:6 Space:1 Keyword:2 Space:1 Id:3 Lp:1 Id:1 Rp:1 Semi:1 
Keyword:6 Space:1 Keyword:5 Space:1 Id:6 Space:1 Keyword:2 Space:1 Id:3 Lp:1 Id:1 Comma:1 Space:1 Id:1 Comma:1 Space:1 Id:1 Rp:1 Semi:1 
Keyword:6 Space:1 Keyword:5 Space:1 Id:2 Space:1 Keyword:2 Space:1 Id:2 Lp:1 Id:1 Rp:1 Semi:1 
Keyword:6 Space:1 Keyword:5 Space:1 Id:13 Space:1 Keyword:2 Space:1 Id:10 Lp:1 Id:1 Rp:1 Semi:1 
Keyword:6 Space:1 Keyword:5 Space:1 Id:13 Space:1 Keyword:2 Space:1 Id:10 Lp:1 Id:1 Rp:1 Semi:1 
Keyword:6 Space:1 Keyword:5 Space:1 Id:13 Space:1 Keyword:2 Space:1 Id:10 Lp:1 Id:1 Rp:1 Semi:1 
Keyword:6 Space:1 Keyword:5 Space:1 Id:10 Space:1 Keyword:2 Space:1 Id:10 Lp:1 Id:1 Space:1 Keyword:7 Space:1 Id:12 Rp:1 Semi:1 
Keyword:6 Space:1 Keyword:5 Space:1 Id:10 Space:1 Keyword:2 Space:1 Id:10 Lp:1 Id:2 Space:1 Keyword:7 Space:1 Id:7 Rp:1 Semi:1 
Keyword:6 Space:1 Keyword:5 Space:1 Id:13 Space:1 Keyword:2 Space:1 Id:10 Lp:1 Id:2 Rp:1 Semi:1 
Keyword:6 Space:1 Keyword:5 Space:1 Id:13 Space:1 Keyword:2 Space:1 Id:10 Lp:1 Id:2 Rp:1 Semi:1 
Keyword:6 Space:1 Keyword:5 Space:1 Id:10 Space:1 Keyword:2 Space:1 Id:10 Lp:1 Id:1 Space:1 Keyword:7 Space:1 Id:7 Rp:1 Semi:1 
Keyword:6 Space:1 Keyword:5 Space:1 Id:10 Space:1 Keyword:2 Space:1 Id:10 Lp:1 Id:1 Space:1 Keyword:7 Space:1 Id:4 Rp:1 Semi:1 
Keyword:6 Space:1 Keyword:5 Space:1 Id:10 Space:1 Keyword:2 Space:1 Id:10 Lp:1 Id:1 Rp:1 Semi:1 
Keyword:6 Space:1 Keyword:5 Space:1 Id:10 Space:1 Keyword:2 Space:1 Id:10 Lp:1 Id:1 Comma:1 Space:1 Id:1 Rp:1 Semi:1 
Keyword:6 Space:1 Keyword:5 Space:1 Id:10 Space:1 Keyword:2 Space:1 Id:10 Lp:1 Id:1 Comma:1 Space:1 Id:1 Comma:1 Space:1 Id:1 Space:1 Keyword:7 Space:1 Id:4 Rp:1 Semi:1 
Keyword:6 Space:1 Keyword:5 Space:1 Id:10 Space:1 Keyword:2 Space:1 Id:10 Lp:1 Id:1 Comma:1 Space:1 Id:1 Comma:1 Space:1 Id:1 Rp:1 Semi:1 
Keyword:6 Space:1 Keyword:5 Space:1 Id:10 Space:1 Keyword:2 Space:1 Id:10 Lp:1 Id:1 Rp:1 Semi:1 
Keyword:6 Space:1 Keyword:5 Space:1 Id:10 Space:1 Keyword:2 Space:1 Id:10 Lp:1 Id:1 Space:1 Keyword:7 Space:1 Id:4 Comma:1 Space:1 Id:1 Space:1 Keyword:7 Space:1 Id:6 Rp:1 Semi:1 
Keyword:6 Space:1 Keyword:5 Space:1 Id:10 Space:1 Keyword:2 Space:1 Id:10 Lp:1 Id:1 Space:1 Keyword:7 Space:1 Id:4 Rp:1 Semi:1 
Keyword:6 Space:1 Keyword:5 Space:1 Id:10 Space:1 Keyword:2 Space:1 Id:10 Lp:1 Id:1 Space:1 Keyword:7 Space:1 Id:6 Rp:1 Semi:1 
Keyword:6 Space:1 Keyword:5 Space:1 Id:25 Space:1 Keyword:2 Space:1 Id:4 Space:1 Lp:1 Id:11 Comma:1 Id:5 Rp:1 Semi:1 
Keyword:6 Space:1 Keyword:5 Space:1 Id:19 Space:1 Keyword:2 Space:1 Id:4 Space:1 Lp:1 Id:14 Rp:1 Semi:1 
Keyword:6 Space:1 Keyword:5 Space:1 Id:18 Space:1 Keyword:2 Space:1 Id:8 Lp:1 Id:12 Rp:1 Semi:1 
Keyword:6 Space:1 Keyword:5 Space:1 Id:10 Space:1 Keyword:2 Space:1 Id:8 Lp:1 Id:13 Rp:1 Semi:1 
Keyword:6 Space:1 Keyword:5 Space:1 Id:22 Space:1 Keyword:2 Space:1 Id:8 Lp:1 Id:16 Rp:1 Semi:1 
Keyword:6 Space:1 Keyword:5 Space:1 Id:3 Dot:1 Id:8 Space:1 Keyword:2 Space:1 Id:6 Space:1 Lp:1 Id:4 Rp:1 Semi:1 
Keyword:6 Space:1 Keyword:5 Space:1 Id:5 Dot:1 Id:3 Space:1 Keyword:2 Space:1 Id:2 Lp:1 Id:1 Rp:1 Semi:1 
Keyword:6 Space:1 Keyword:5 Space:1 Id:3 Space:1 Keyword:2 Space:1 Id:2 Lp:1 Id:1 Rp:1 Semi:1 
Keyword:6 Space:1 Keyword:5 Space:1 Id:17 
Keyword:6 Space:1 Keyword:5 Space:1 Id:26 
Keyword:6 Space:1 Keyword:5 Space:1 Id:24 
Keyword:6 Space:1 Keyword:5 Space:1 Id:2 Space:1 Keyword:2 Space:1 Id:2 Lp:1 String:3 Space:1 Keyword:2 Space:1 Lp:1 Rp:1 Rp:1 Semi:1 
Keyword:6 Space:1 Keyword:5 Space:1 Id:2 Space:1 Keyword:2 Space:1 Id:2 Lp:1 Id:2 Rp:1 Semi:1 
Keyword:6 Space:1 Keyword:5 Space:1 Id:2 Space:1 Keyword:2 Space:1 Id:2 Lp:1 Id:10 Lp:1 Integer:1 Comma:1 Integer:1 Rp:1 Space:1 Keyword:3 Space:1 Integer:1 Rp:1 Semi:1 
Keyword:6 Space:1 Keyword:5 Space:1 Id:2 Space:1 Keyword:2 Space:1 Id:9 Lp:1 Id:4 Rp:1 Semi:1 
Keyword:6 Space:1 Keyword:5 Space:1 Id:2 Space:1 Keyword:2 Space:1 Id:2 Lp:1 Variable:5 Rp:1 Semi:1 
Keyword:6 Space:1 Keyword:5 Space:1 Id:2 Space:1 Keyword:2 Space:1 Id:2 Lp:1 String:3 Rp:1 Semi:1 
Keyword:6 Space:1 Keyword:5 Space:1 Id:2 Space:1 Keyword:2 Space:1 Id:2 Lp:1 Lp:1 Keyword:4 Rp:1 Rp:1 Semi:1 
Keyword:6 Space:1 Keyword:5 Space:1 Id:2 Space:1 Keyword:2 Space:1 Id:2 Lp:1 Id:1 Space:1 Keyword:7 Space:1 Id:8 Rp:1 Semi:1 
Keyword:6 Space:1 Keyword:5 Space:1 Id:2 Space:1 Keyword:2 Space:1 Id:2 Lp:1 Id:1 Rp:1 
Keyword:6 Space:1 Keyword:5 Space:1 Id:2 Space:1 Keyword:2 Space:1 Id:2 Lp:1 Id:1 Rp:1 Semi:1 
Keyword:6 Space:1 Keyword:5 Space:1 Id:2 Space:1 Keyword:2 Space:1 Id:2 Lp:1 Id:1 Comma:1 Space:1 Id:1 Rp:1 Space:1 Keyword:5 Space:1 Id:1 Space:1 Keyword:2 Space:1 Keyword:3 Space:1 Keyword:4 Semi:1 
Keyword:6 Space:1 Keyword:5 Space:1 Id:2 Space:1 Keyword:2 Space:1 Id:2 Lp:1 Id:1 Comma:1 Space:1 Id:1 Rp:1 Semi:1 
Keyword:6 Space:1 Keyword:5 Space:1 Id:2 Space:1 Keyword:2 Space:1 Id:2 Lp:1 Id:1 Comma:1 Space:1 Id:1 Comma:1 Space:1 Id:1 Rp:1 Semi:1 
Keyword:6 Space:1 Keyword:5 Space:1 Id:2 Space:1 Keyword:2 Space:1 Id:2 Lp:1 Id:1 Comma:1 Space:1 Id:1 Comma:1 Space:1 Id:1 Comma:1 Space:1 Id:1 Rp:1 Semi:1 
Keyword:6 Space:1 Keyword:5 Space:1 Id:2 Space:1 Keyword:2 Space:1 Id:2 Lp:1 Id:1 Comma:1 Id:1 Rp:1 Semi:1 
Keyword:6 Space:1 Keyword:5 Space:1 Id:2 Space:1 Keyword:2 Space:1 Id:2 Lp:1 Id:1 Comma:1 Id:1 Comma:1 Id:1 Comma:1 Id:1 Rp:1 Semi:1 
Keyword:6 Space:1 Keyword:5 Space:1 Id:2 Space:1 Keyword:2 Space:1 Id:2 Lp:1 Id:1 Rp:1 Semi:1 
Keyword:6 Space:1 Keyword:5 Space:1 Id:2 Space:1 Keyword:2 Space:1 Id:2 Lp:1 Id:1 Rp:1 Semi:1 
Keyword:6 Space:1 Keyword:5 Space:1 Id:2 Space:1 Keyword:2 Space:1 Id:2 Lp:1 Id:1 Comma:1 Space:1 Id:1 Comma:1 Space:1 Id:1 Rp:1 Semi:1 
Keyword:6 Space:1 Keyword:5 Space:1 Id:2 Space:1 Keyword:2 Space:1 Id:2 Lp:1 Id:1 Comma:1 Id:1 Comma:1 Id:1 Comma:1 Id:1 Comma:1 Id:1 Comma:1 Id:1 Comma:1 Id:1 Comma:1 Id:1 Comma:1 Id:1 Comma:1 Id:1 Rp:1 Semi:1 
Keyword:6 Space:1 Keyword:5 Space:1 Id:2 Space:1 Keyword:2 Space:1 Id:2 Lp:1 Id:1 Rp:1 Semi:1 
Keyword:6 Space:1 Keyword:5 Space:1 Id:2 Space:1 Keyword:2 Space:1 Id:2 Lp:1 Id:1 Rp:1 Semi:1 
Keyword:6 Space:1 Keyword:5 Space:1 Id:2 Space:1 Keyword:2 Space:1 Id:2 Lp:1 Id:1 Comma:1 Space:1 Id:1 Rp:1 Semi:1 
Keyword:6 Space:1 Keyword:5 Space:1 Id:2 Space:1 Keyword:2 Space:1 Id:2 Lp:1 Id:1 Comma:1 Id:1 Comma:1 Id:1 Comma:1 Id:1 Comma:1 Id:1 Concat:2 Integer:1 Rp:1 Semi:1 
Keyword:6 Space:1 Keyword:5 Space:1 Id:2 Space:1 Keyword:2 Space:1 Id:2 Lp:1 Id:1 Rp:1 Semi:1 
Keyword:6 Space:1 Keyword:5 Space:1 Id:2 Space:1 Keyword:2 Space:1 Id:2 Lp:1 Id:1 Rp:1 Semi:1 
Keyword:6 Space:1 Keyword:5 Space:1 Id:2 Space:1 Keyword:2 Space:1 Id:5 Lp:1 Id:1 Rp:1 Space:1 Keyword:5 Space:1 Lp:1 Lp:1 Id:1 Plus:1 Integer:1 Rp:1 Space:1 Rem:1 Space:1 Integer:2 Rp:1 Eq:2 Integer:1 Semi:1 
Keyword:6 Space:1 Keyword:5 Space:1 Id:3 Space:1 Keyword:2 Space:1 Id:2 Lp:1 Id:1 Rp:1 Semi:1 
Keyword:6 Space:1 Keyword:5 Space:1 Id:3 Space:1 Keyword:2 Space:1 Id:2 Lp:1 Id:1 Rp:1 Semi:1 
Keyword:6 Space:1 Keyword:5 Space:1 Id:3 Space:1 Keyword:2 Space:1 Id:2 Lp:1 Integer:1 Space:1 Keyword:2 Space:1 Id:4 Comma:1 Id:1 Rp:1 Semi:1 
Keyword:6 Space:1 Keyword:5 Space:1 Id:3 Space:1 Keyword:2 Space:1 Id:2 Lp:1 Id:1 Rp:1 Semi:1 
Keyword:6 Space:1 Keyword:5 Space:1 Id:4 Space:1 Keyword:2 Space:1 Id:2 Lp:1 Id:1 Comma:1 Id:1 Rp:1 Semi:1 
Keyword:6 Space:1 Keyword:5 Space:1 Id:5 Space:1 Keyword:2 Space:1 Id:2 Lp:1 Id:1 Comma:1 Id:1 Comma:1 Id:1 Rp:1 Semi:1 
Keyword:6 Space:1 Keyword:5 Space:1 Id:2 Space:1 Keyword:2 Space:1 Id:12 Lp:1 Id:1 Rp:1 Semi:1 
Keyword:6 Space:1 Keyword:5 Space:1 Id:2 Space:1 Keyword:2 Space:1 Id:2 Lp:1 Integer:1 Lt:1 Integer:1 Rp:1 Semi:1 
Keyword:6 Space:1 Keyword:5 Space:1 Id:2 Space:1 Keyword:2 Space:1 Id:2 Lp:1 Id:1 Comma:1 Id:1 Comma:1 Id:1 Comma:1 Id:1 Comma:1 Id:1 Comma:1 Id:1 Comma:1 Id:1 Comma:1 Id:1 Comma:1 Id:1 Comma:1 Id:1 Rp:1 Semi:1 
Keyword:6 Space:1 Keyword:5 Space:1 Id:2 Space:1 Keyword:2 Space:1 Id:2 Lp:1 Id:1 Rp:1 Semi:1 
Keyword:6 Space:1 Keyword:5 Space:1 Id:2 Space:1 Keyword:2 Space:1 Id:2 Lp:1 Id:1 Comma:1 Space:1 Id:1 Rp:1 Semi:1 
Keyword:6 Space:1 Keyword:5 Space:1 Id:2 Space:1 Keyword:2 Space:1 Id:2 Lp:1 Id:1 Rp:1 Semi:1 
Keyword:6 Space:1 Keyword:5 Space:1 Id:2 Space:1 Keyword:2 Space:1 Id:2 Lp:1 Id:1 Comma:1 Space:1 Id:1 Rp:1 Semi:1 
Keyword:6 Space:1 Keyword:5 Space:1 Id:2 Space:1 Keyword:2 Space:1 Id:2 Lp:1 Id:1 Comma:1 Space:1 Id:1 Rp:1 Semi:1 
Keyword:6 Space:1 Keyword:5 Space:1 Id:2 Space:1 Keyword:2 Space:1 Id:2 Lp:1 Id:1 Rp:1 Semi:1 
Keyword:6 Space:1 Keyword:5 Space:1 Id:2 Space:1 Keyword:2 Space:1 Id:2 Lp:1 Id:1 Rp:1 Semi:1 
Keyword:6 Space:1 Keyword:5 Space:1 Id:2 Space:1 Keyword:2 Space:1 Id:2 Lp:1 Variable:5 Rp:1 Semi:1 
Keyword:6 Space:1 Keyword:5 Space:1 Id:2 Space:1 Keyword:2 Space:1 Id:2 Lp:1 Lp:1 Id:10 Lp:1 Id:2 Comma:1 Space:1 Float:3 Rp:1 Space:1 Keyword:2 Space:1 Lp:1 Rp:1 Rp:1 Rp:1 Semi:1 
Keyword:6 Space:1 Keyword:5 Space:1 Id:2 Space:1 Keyword:2 Space:1 Id:2 Lp:1 Id:1 Rp:1 Semi:1 
Keyword:6 Space:1 Keyword:5 Space:1 Id:2 Space:1 Keyword:2 Space:1 Id:2 Lp:1 Id:1 Comma:1 Space:1 Id:1 Rp:1 Semi:1 
Keyword:6 Space:1 Keyword:5 Space:1 Id:2 Space:1 Keyword:2 Space:1 Id:2 Lp:1 Id:1 Comma:1 Id:1 Rp:1 Semi:1 
Keyword:6 Space:1 Keyword:5 Space:1 Id:2 Space:1 Keyword:2 Space:1 Id:2 Lp:1 Id:1 Rp:1 Semi:1 
Keyword:6 Space:1 Keyword:5 Space:1 Id:2 Space:1 Keyword:2 Space:1 Id:2 Lp:1 Id:1 Rp:1 Semi:1 
Keyword:6 Space:1 Keyword:5 Space:1 Id:3 Space:1 Keyword:2 Space:1 Id:2 Lp:1 Id:1 Rp:1 Semi:1 
Keyword:6 Space:1 Keyword:5 Space:1 Id:3 Space:1 Keyword:2 Space:1 Id:2 Lp:1 Id:1 Rp:1 Semi:1 
Keyword:6 Space:1 Keyword:5 Space:1 Id:3 Space:1 Keyword:2 Space:1 Id:2 Lp:1 Id:1 Rp:1 Semi:1 
Keyword:6 Space:1 Keyword:5 Space:1 Id:3 Space:1 Keyword:2 Space:1 Id:2 Lp:1 Id:1 Rp:1 Semi:1 
Keyword:6 Space:1 Keyword:5 Space:1 Id:3 Space:1 Keyword:2 Space:1 Id:2 Lp:1 Id:1 Rp:1 Semi:1 
Keyword:6 Space:1 Keyword:5 Space:1 Id:2 Space:1 Keyword:2 Space:1 Id:7 Lp:1 Id:1 Comma:1 Id:1 Rp:1 Semi:1 
Keyword:6 Space:1 Keyword:5 Space:1 Id:2 Space:1 Keyword:2 Space:1 Id:2 Lp:1 Id:1 Rp:1 Semi:1 
Keyword:6 Space:1 Keyword:5 Space:1 Id:2 Space:1 Keyword:2 Space:1 Id:2 Lp:1 Id:1 Rp:1 Semi:1 
Keyword:6 Space:1 Keyword:5 Space:1 Id:2 Space:1 Keyword:2 Space:1 Id:2 Lp:1 Id:1 Rp:1 Semi:1 
Keyword:6 Space:1 Keyword:5 Space:1 Id:3 Space:1 Keyword:2 Space:1 Id:2 Lp:1 Id:1 Rp:1 Semi:1 
Keyword:6 Space:1 Keyword:5 Space:1 Id:2 Space:1 Keyword:2 Space:1 Id:2 Lp:1 Id:1 Rp:1 Semi:1 
Keyword:6 Space:1 Keyword:5 Space:1 Id:2 Space:1 Keyword:2 Space:1 Id:2 Lp:1 Id:1 Rp:1 Semi:1 
Keyword:6 Space:1 Keyword:5 Space:1 Id:2 Space:1 Keyword:2 Space:1 Id:2 Lp:1 Id:1 Rp:1 Semi:1 
Keyword:6 Space:1 Keyword:5 Space:1 Id:2 Space:1 Keyword:2 Space:1 Id:2 Lp:1 Id:1 Rp:1 Semi:1 
Keyword:6 Space:1 Keyword:5 Space:1 Id:3 Space:1 Keyword:2 Space:1 Id:2 Lp:1 Id:1 Rp:1 Semi:1 
Keyword:6 Space:1 Keyword:5 Space:1 Id:3 Space:1 Keyword:2 Space:1 Id:2 Lp:1 Id:1 Rp:1 Semi:1 
Keyword:6 Space:1 Keyword:5 Space:1 Id:3 Space:1 Keyword:2 Space:1 String:9 Lp:1 String:5 Rp:1 Semi:1 
Keyword:6 Space:1 Keyword:5 Space:1 Id:3 Space:1 Keyword:2 Space:1 Id:2 Lp:1 Id:1 Rp:1 Semi:1 
Keyword:6 Space:1 Keyword:5 Space:1 Id:2 Space:1 Keyword:2 Space:1 Id:3 Lp:1 Keyword:4 Lp:1 Id:2 Space:1 Keyword:2 Space:1 Id:7 Rp:1 Rp:1 Semi:1 
Keyword:6 Space:1 Keyword:5 Space:1 Id:1 Space:1 Keyword:2 Space:1 Id:1 Lp:1 Space:1 Lp:1 Keyword:4 Space:1 Id:1 Space:1 Keyword:2 Lp:1 Space:1 Keyword:6 Space:1 Star:1 Space:1 Rp:1 Space:1 Keyword:6 Lp:1 Integer:1 Rp:1 Space:1 Rp:1 Space:1 Keyword:2 Space:1 Lp:1 Rp:1 Space:1 Rp:1 Semi:1 
Keyword:6 Space:1 Keyword:5 Space:1 Id:23 Space:1 Keyword:2 Space:1 Id:6 Lp:1 Id:10 Rp:1 Semi:1 
Keyword:6 Space:1 Keyword:5 Space:1 Id:34 Space:1 Keyword:2 Space:1 Id:6 Lp:1 Id:10 Comma:1 Space:1 Id:10 Rp:1 Semi:1 
Keyword:6 Space:1 Keyword:5 Space:1 Id:22 Space:1 Keyword:2 Space:1 Id:9 Lp:1 Id:6 Rp:1 Semi:1 
Keyword:6 Space:1 Keyword:5 Space:1 Id:4 Dot:1 Id:8 Space:1 Keyword:2 Space:1 Id:12 Lp:1 Id:3 Rp:1 Semi:1 
Keyword:6 Space:1 Keyword:5 Space:1 Id:51 Space:1 Keyword:2 Space:1 Id:8 Lp:1 Id:15 Comma:1 Space:1 Id:21 Rp:1 Semi:1 
Keyword:6 Space:1 Keyword:5 Space:1 Id:25 Space:1 Keyword:2 Space:1 Id:8 Lp:1 Id:11 Rp:1 Semi:1 
Keyword:6 Space:1 Keyword:5 Space:1 Id:21 Space:1 Keyword:2 Space:1 Id:8 Lp:1 Id:7 Rp:1 Semi:1 
Keyword:6 Space:1 Keyword:5 Space:1 Id:28 Space:1 Keyword:2 Space:1 Id:8 Lp:1 Id:14 Rp:1 Semi:1 
Keyword:6 Space:1 Keyword:5 Space:1 Id:21 Space:1 Keyword:2 Space:1 Id:8 Lp:1 Id:7 Comma:1 Space:1 Id:13 Rp:1 Semi:1 
Keyword:6 Space:1 Keyword:5 Space:1 Id:32 Space:1 Keyword:2 Space:1 Id:8 Lp:1 Id:10 Comma:1 Space:1 Id:7 Rp:1 Semi:1 
Keyword:6 Space:1 Keyword:5 Space:1 Id:18 Space:1 Keyword:2 Space:1 Id:8 Lp:1 Id:4 Rp:1 Semi:1 
Keyword:6 Space:1 Keyword:5 Space:1 Id:28 Space:1 Keyword:2 Space:1 Id:8 Lp:1 Id:14 Comma:1 Space:1 Id:9 Rp:1 Semi:1 
Keyword:6 Space:1 Keyword:5 Space:1 Id:19 Space:1 Keyword:2 Space:1 Id:8 Lp:1 Id:11 Rp:1 Semi:1 
Keyword:6 Space:1 Keyword:5 Space:1 Id:20 Space:1 Keyword:2 Space:1 Id:8 Lp:1 Id:6 Rp:1 Semi:1 
Keyword:6 Space:1 Keyword:5 Space:1 Id:51 Space:1 Keyword:2 Space:1 Id:8 Lp:1 Id:6 Comma:1 Space:1 Id:7 Comma:1 Space:1 Id:22 Rp:1 Semi:1 
Keyword:6 Space:1 Keyword:5 Space:1 Id:36 Space:1 Keyword:2 Space:1 Id:8 Lp:1 Id:7 Comma:1 Space:1 Id:14 Rp:1 Semi:1 
Keyword:6 Space:1 Keyword:5 Space:1 Id:18 Space:1 Keyword:2 Space:1 Id:8 Lp:1 Id:4 Rp:1 Semi:1 
Keyword:6 Space:1 Keyword:5 Space:1 Id:21 
Keyword:6 Space:1 Keyword:5 Space:1 Id:2 Space:1 Keyword:2 Space:1 Id:1 Lp:1 Id:1 Rp:1 Semi:1 
Keyword:6 Space:1 Keyword:5 Space:1 Id:27 Space:1 Keyword:2 Space:1 Id:12 Space:1 Lp:1 Id:8 Rp:1 Semi:1 
Keyword:6 Space:1 Keyword:5 Space:1 Id:27 Space:1 Keyword:2 Space:1 Id:12 Space:1 Lp:1 Id:12 Rp:1 Semi:1 
Keyword:6 Space:1 Keyword:5 Space:1 Id:29 Space:1 Keyword:2 Space:1 Id:12 Space:1 Lp:1 Id:10 Rp:1 Semi:1 
Keyword:6 Space:1 Keyword:5 Space:1 Id:39 
Keyword:6 Space:1 Keyword:5 Space:1 Id:6 Space:1 Keyword:2 Space:1 Id:15 Lp:1 Id:4 Rp:1 
Keyword:6 Space:1 Keyword:5 Space:1 Id:21 
Keyword:6 Space:1 Keyword:5 Space:1 Id:21 
Keyword:6 Space:1 Keyword:5 Space:1 Id:29 
Keyword:6 Space:1 Keyword:5 Space:1 Id:8 Space:1 Keyword:2 Space:1 Id:12 Lp:1 Id:3 Rp:1 Semi:1 
Keyword:6 Space:1 Keyword:5 Space:1 Id:32 Space:1 Keyword:2 Space:1 Id:8 Lp:1 Id:18 Rp:1 Semi:1 
Keyword:6 Space:1 Keyword:5 Space:1 Id:21 Space:1 Keyword:2 Space:1 Id:8 Lp:1 Id:7 Rp:1 Semi:1 
Keyword:6 Space:1 Keyword:5 Space:1 Id:3 Space:1 Keyword:2 Space:1 Id:2 Lp:1 Id:1 Rp:1 Semi:1 
Keyword:6 Space:1 Keyword:5 Space:1 Id:3 Space:1 Keyword:2 Space:1 Id:2 Lp:1 Id:1 Space:1 Keyword:2 Space:1 Id:5 Rp:1 Space:1 Keyword:5 Space:1 Id:5 Semi:1 
Keyword:6 Space:1 Keyword:5 Space:1 Id:5 Space:1 Keyword:2 Space:1 Id:2 Lp:1 Id:1 Comma:1 Space:1 Id:1 Rp:1 Semi:1 
Keyword:6 Space:1 Keyword:5 Space:1 Id:4 Space:1 Keyword:2 Space:1 Id:2 Lp:1 Id:1 Rp:1 Semi:1 
Keyword:6 Space:1 Keyword:5 Space:1 Id:3 Space:1 Keyword:2 Space:1 Id:2 Lp:1 Id:1 Space:1 Keyword:4 Rp:1 Semi:1 
Keyword:6 Space:1 Keyword:5 Space:1 Id:3 Space:1 Keyword:2 Space:1 Id:2 Lp:1 Id:1 Rp:1 Semi:1 
Keyword:6 Space:1 Keyword:5 Space:1 Id:4 Space:1 Keyword:2 Space:1 Id:2 Lp:1 Id:2 Comma:1 Space:1 Id:2 Rp:1 Semi:1 
Keyword:6 Space:1 Keyword:5 Space:1 Id:4 Space:1 Keyword:2 Space:1 Id:2 Lp:1 Id:2 Comma:1 Space:1 Id:2 Rp:1 Semi:1 
Keyword:6 Space:1 Keyword:5 Space:1 Id:4 Space:1 Keyword:2 Space:1 Id:2 Lp:1 Id:1 Comma:1 Id:1 Rp:1 Semi:1 
Keyword:6 Space:1 Keyword:5 Space:1 Id:5 Space:1 Keyword:2 Space:1 Id:2 Lp:1 Id:1 Comma:1 Id:1 Comma:1 Id:1 Rp:1 Semi:1 
Keyword:6 Space:1 Keyword:5 Space:1 Id:5 Space:1 Keyword:2 Space:1 Id:2 Lp:1 Id:1 Comma:1 Id:1 Comma:1 Id:1 Plus:1 Id:1 Plus:1 Id:1 Rp:1 Semi:1 
Keyword:6 Space:1 Keyword:5 Space:1 Id:5 Space:1 Keyword:2 Space:1 Id:2 Lp:1 Id:1 Comma:1 Space:1 Id:1 Comma:1 Space:1 Id:1 Plus:1 Id:1 Rp:1 Space:1 Keyword:5 Space:1 Id:1 Space:1 Keyword:2 Space:1 Keyword:3 Space:1 Keyword:4 Semi:1 
Keyword:6 Space:1 Keyword:5 Space:1 Id:3 Space:1 Keyword:2 Space:1 Id:2 Lp:1 Id:1 Rp:1 Semi:1 
Keyword:6 Space:1 Keyword:5 Space:1 Id:4 Space:1 Keyword:2 Space:1 Id:2 Lp:1 Id:1 Comma:1 Id:1 Rp:1 Semi:1 
Keyword:6 Space:1 Keyword:5 Space:1 Id:5 Space:1 Keyword:2 Space:1 Id:2 Lp:1 Id:1 Comma:1 Id:1 Comma:1 Id:1 Rp:1 Semi:1 
Keyword:6 Space:1 Keyword:5 Space:1 Id:3 Space:1 Keyword:2 Space:1 Id:2 Lp:1 Id:1 Rp:1 Semi:1 
Keyword:6 Space:1 Keyword:5 Space:1 Id:4 Space:1 Keyword:2 Space:1 Id:2 Lp:1 Id:1 Space:1 Keyword:3 Comma:1 Id:1 Space:1 Keyword:4 Rp:1 Semi:1 
Keyword:6 Space:1 Keyword:5 Space:1 Id:4 Space:1 Keyword:2 Space:1 Id:2 Lp:1 Id:1 Comma:1 Id:1 Rp:1 Semi:1 
Keyword:6 Space:1 Keyword:5 Space:1 Id:5 Space:1 Keyword:2 Space:1 Id:2 Lp:1 Id:1 Comma:1 Id:1 Comma:1 Id:1 Rp:1 Semi:1 
Keyword:6 Space:1 Keyword:5 Space:1 Id:4 Space:1 Keyword:2 Space:1 Id:2 Lp:1 Id:1 Comma:1 Id:1 Rp:1 Semi:1 
Keyword:6 Space:1 Keyword:5 Space:1 Id:5 Space:1 Keyword:2 Space:1 Id:2 Lp:1 Id:1 Comma:1 Id:1 Comma:1 Id:1 Rp:1 Semi:1 
Keyword:6 Space:1 Keyword:5 Space:1 Id:3 Space:1 Keyword:2 Space:1 Id:2 Lp:1 Id:1 Rp:1 Semi:1 
Keyword:6 Space:1 Keyword:5 Space:1 Id:3 Space:1 Keyword:2 Space:1 Id:2 Lp:1 Id:1 Rp:1 Semi:1 
Keyword:6 Space:1 Keyword:5 Space:1 Id:3 Space:1 Keyword:2 Space:1 Id:2 Lp:1 Id:1 Rp:1 Semi:1 
Keyword:6 Space:1 Keyword:5 Space:1 Id:3 Space:1 Keyword:2 Space:1 Id:2 Lp:1 Id:1 Rp:1 Semi:1 
Keyword:6 Space:1 Keyword:5 Space:1 Id:4 Space:1 Keyword:2 Space:1 Id:2 Lp:1 Id:1 Rp:1 Semi:1 
Keyword:6 Space:1 Keyword:5 Space:1 Id:4 Space:1 Keyword:2 Space:1 Id:2 Lp:1 Id:1 Rp:1 Semi:1 
Keyword:6 Space:1 Keyword:5 Space:1 Id:4 Space:1 Keyword:2 Space:1 Id:2 Lp:1 Id:1 Rp:1 Semi:1 
Keyword:6 Space:1 Keyword:5 Space:1 Id:4 Space:1 Keyword:2 Space:1 Id:2 Lp:1 Id:1 Rp:1 Semi:1 
Keyword:6 Space:1 Keyword:5 Space:1 Id:4 Space:1 Keyword:2 Space:1 Id:2 Lp:1 Id:1 Rp:1 Semi:1 
Keyword:6 Space:1 Keyword:5 Space:1 Id:4 Space:1 Keyword:2 Space:1 Id:2 Lp:1 Id:1 Comma:1 Id:1 Rp:1 Semi:1 
Keyword:6 Space:1 Keyword:5 Space:1 Id:4 Space:1 Keyword:2 Space:1 Id:2 Lp:1 Id:1 Rp:1 Semi:1 
Keyword:6 Space:1 Keyword:5 Space:1 Id:4 Space:1 Keyword:2 Space:1 Id:2 Lp:1 Id:1 Rp:1 Semi:1 
Keyword:6 Space:1 Keyword:5 Space:1 Id:4 Space:1 Keyword:2 Space:1 Id:2 Lp:1 Id:1 Comma:1 Id:1 Rp:1 Semi:1 
Keyword:6 Space:1 Keyword:5 Space:1 Id:4 Space:1 Keyword:2 Space:1 Id:2 Lp:1 Id:1 Rp:1 Semi:1 
Keyword:6 Space:1 Keyword:5 Space:1 Id:5 Space:1 Keyword:2 Space:1 Id:2 Lp:1 Id:3 Rp:1 Semi:1 
Keyword:6 Space:1 Keyword:5 Space:1 Id:3 Space:1 Keyword:2 Space:1 Id:2 Lp:1 Id:1 Rp:1 Semi:1 Space:2 Comment:25 
Keyword:6 Space:1 Keyword:5 Space:1 Id:3 Space:1 Keyword:2 Space:1 Id:2 Lp:1 Id:1 Rp:1 Semi:1 Space:2 Comment:7 
Keyword:6 Space:1 Keyword:5 Space:1 Id:3 Space:1 Keyword:2 Space:1 Id:2 Lp:1 Id:1 Rp:1 Semi:1 Space:2 Comment:18 
Keyword:6 Space:1 Keyword:5 Space:1 Id:3 Space:1 Keyword:2 Space:1 Id:2 Lp:1 Id:1 Rp:1 Semi:1 Space:2 Comment:35 
Keyword:6 Space:1 Keyword:5 Space:1 Id:3 Space:1 Keyword:2 Space:1 Id:2 Lp:1 Id:1 Rp:1 Semi:1 
Keyword:6 Space:1 Keyword:5 Space:1 Id:3 Space:1 Keyword:2 Space:1 Id:2 Lp:1 Id:1 Rp:1 Semi:1 
Keyword:6 Space:1 Keyword:5 Space:1 Id:3 Space:1 Keyword:2 Space:1 Id:2 Lp:1 Id:1 Rp:1 Semi:1 Space:2 Comment:34 
Keyword:6 Space:1 Keyword:5 Space:1 Id:3 Space:1 Keyword:2 Space:1 Id:2 Lp:1 Id:1 Comma:1 Space:1 Id:1 Eq:1 Integer:1 Rp:1 Semi:1 
Keyword:6 Space:1 Keyword:5 Space:1 Id:4 Space:1 Keyword:2 Space:1 Id:2 Space:1 Lp:1 Id:5 Rp:1 Semi:1 
Keyword:6 Space:1 Keyword:5 Space:1 Id:4 Space:1 Keyword:2 Space:1 Id:2 Space:1 Lp:1 Id:5 Comma:1 Space:1 Id:7 Rp:1 Semi:1 
Keyword:6 Space:1 Keyword:5 Space:1 Id:4 Space:1 Keyword:2 Space:1 Id:2 Space:1 Lp:1 Id:3 Comma:1 Space:1 Id:4 Comma:1 Space:1 Id:5 Comma:1 Space:1 Id:7 Comma:1 Space:1 Id:6 Comma:1 Space:1 Id:5 Rp:1 Semi:1 
Keyword:6 Space:1 Keyword:5 Space:1 Id:4 Space:1 Keyword:2 Space:1 Id:2 Space:1 Lp:1 Id:6 Rp:1 Semi:1 
Keyword:6 Space:1 Keyword:5 Space:1 Id:4 Space:1 Keyword:2 Space:1 Id:2 Lp:1 Id:1 Comma:1 Space:1 Id:1 Rp:1 Semi:1 
Keyword:6 Space:1 Keyword:5 Space:1 Id:3 Space:1 Keyword:2 Space:1 Id:2 Lp:1 Id:1 Rp:1 Semi:1 
Keyword:6 Space:1 Keyword:5 Space:1 Id:3 Space:1 Keyword:2 Space:1 Id:2 Lp:1 Id:1 Rp:1 Semi:1 Space:2 Comment:29 
Keyword:6 Space:1 Keyword:5 Space:1 Id:3 Space:1 Keyword:2 Space:1 Id:2 Lp:1 Id:1 Rp:1 Semi:1 
Keyword:6 Space:1 Keyword:5 Space:1 Id:3 Space:1 Keyword:2 Space:1 Id:2 Lp:1 Id:1 Rp:1 Semi:1 Space:2 Comment:26 
Keyword:6 Space:1 Keyword:5 Space:1 Id:5 Space:1 Keyword:2 Space:1 Id:4 Lp:1 Id:1 Rp:1 Semi:1 
Keyword:6 Space:1 Keyword:5 Space:1 Id:3 Space:1 Keyword:2 Space:1 Id:2 Lp:1 Id:1 Rp:1 Semi:1 
Keyword:6 Space:1 Keyword:5 Space:1 Id:3 Space:1 Keyword:2 Space:1 Id:2 Lp:1 Id:1 Comma:1 Space:1 Id:1 Comma:1 Space:1 Id:1 Rp:1 Semi:1 
Keyword:6 Space:1 Keyword:5 Space:1 Id:3 Space:1 Keyword:2 Space:1 Id:2 Lp:1 Id:1 Rp:1 Semi:1 
Keyword:6 Space:1 Keyword:5 Space:1 Id:3 Space:1 Keyword:2 Space:1 Id:2 Lp:1 Id:1 Rp:1 Semi:1 
Keyword:6 Space:1 Keyword:5 Space:1 Id:4 Space:1 Keyword:2 Space:1 Id:2 Lp:1 Id:1 Space:1 Keyword:7 Space:1 Id:6 Rp:1 Semi:1 
Keyword:6 Space:1 Keyword:5 Space:1 Id:4 Space:1 Keyword:2 Space:1 Id:2 Lp:1 Id:1 Space:1 Keyword:7 Space:1 Id:5 Rp:1 Semi:1 
Keyword:6 Space:1 Keyword:5 Space:1 Id:3 Space:1 Keyword:2 Space:1 Id:2 Lp:1 Id:1 Rp:1 Semi:1 
Keyword:6 Space:1 Keyword:5 Space:1 Id:6 Space:1 Keyword:2 Space:1 Id:2 Lp:1 Id:1 Rp:1 Space:1 Keyword:5 Space:1 Id:2 Dot:1 Id:1 Gt:1 Integer:1 Semi:1 
Keyword:6 Space:1 Keyword:5 Space:1 Id:4 Space:1 Keyword:2 Space:1 Id:2 Lp:1 Id:1 Rp:1 Semi:1 
Keyword:6 Space:1 Keyword:5 Space:1 Id:4 Space:1 Keyword:2 Space:1 Id:2 Lp:1 Id:1 Comma:1 Id:1 Rp:1 Semi:1 
Keyword:6 Space:1 Keyword:5 Space:1 Id:4 Space:1 Keyword:2 Space:1 Id:2 Lp:1 Id:1 Rp:1 Semi:1 
Keyword:6 Space:1 Keyword:5 Space:1 Id:4 Space:1 Keyword:2 Space:1 Id:2 Lp:1 Id:1 Rp:1 Semi:1 
Keyword:6 Space:1 Keyword:5 Space:1 Id:4 Space:1 Keyword:2 Space:1 Id:2 Lp:1 Id:1 Rp:1 Semi:1 
Keyword:6 Space:1 Keyword:5 Space:1 Id:4 Space:1 Keyword:2 Space:1 Id:2 Lp:1 Id:1 Rp:1 Semi:1 
Keyword:6 Space:1 Keyword:5 Space:1 Id:4 Space:1 Keyword:2 Space:1 Id:2 Lp:1 Id:1 Comma:1 Id:1 Rp:1 Semi:1 
Keyword:6 Space:1 Keyword:5 Space:1 Id:3 Space:1 Keyword:2 Space:1 Id:2 Lp:1 Id:4 Space:1 Keyword:2 Space:1 Lp:1 Rp:1 Rp:1 Semi:1 
Keyword:6 Space:1 Keyword:5 Space:1 Id:3 Space:1 Keyword:2 Space:1 Id:2 Lp:1 Id:1 Space:1 Keyword:7 Space:1 Id:6 Rp:1 Semi:1 
Keyword:6 Space:1 Keyword:5 Space:1 Id:4 Space:1 Keyword:2 Space:1 Id:2 Space:1 Lp:1 Id:3 Rp:1 Semi:1 
Keyword:6 Space:1 Keyword:5 Space:1 Id:4 Space:1 Keyword:2 Space:1 Id:2 Space:1 Lp:1 Id:10 Rp:1 Semi:1 
Keyword:6 Space:1 Keyword:5 Space:1 Id:5 Space:1 Keyword:2 Space:1 Id:2 Space:1 Lp:1 Id:9 Rp:1 Semi:1 
Keyword:6 Space:1 Keyword:5 Space:1 Id:5 Space:1 Keyword:2 Space:1 Id:2 Space:1 Lp:1 Id:11 Rp:1 Semi:1 
Keyword:6 Space:1 Keyword:5 Space:1 Id:5 Space:1 Keyword:2 Space:1 Id:2 Space:1 Lp:1 Id:8 Rp:1 Semi:1 
Keyword:6 Space:1 Keyword:5 Space:1 Id:5 Space:1 Keyword:2 Space:1 Id:2 Space:1 Lp:1 Id:4 Rp:1 Semi:1 
Keyword:6 Space:1 Keyword:5 Space:1 Id:5 Space:1 Keyword:2 Space:1 Id:2 Space:1 Lp:1 Id:7 Rp:1 Semi:1 
Keyword:6 Space:1 Keyword:5 Space:1 Id:5 Space:1 Keyword:2 Space:1 Id:2 Space:1 Lp:1 Id:9 Rp:1 Semi:1 
Keyword:6 Space:1 Keyword:5 Space:1 Id:4 Space:1 Keyword:2 Space:1 Id:2 Space:1 Lp:1 Id:8 Rp:1 Semi:1 
Keyword:6 Space:1 Keyword:5 Space:1 Id:4 Space:1 Keyword:2 Space:1 Id:2 Space:1 Lp:1 Id:3 Rp:1 Semi:1 
Keyword:6 Space:1 Keyword:5 Space:1 Id:4 Space:1 Keyword:2 Space:1 Id:2 Space:1 Lp:1 Id:6 Rp:1 Semi:1 
Keyword:6 Space:1 Keyword:5 Space:1 Id:4 Space:1 Keyword:2 Space:1 Id:2 Space:1 Lp:1 Id:4 Rp:1 Semi:1 
Keyword:6 Space:1 Keyword:5 Space:1 Id:4 Space:1 Keyword:2 Space:1 Id:2 Space:1 Lp:1 Id:7 Rp:1 Semi:1 
Keyword:6 Space:1 Keyword:5 Space:1 Id:4 Space:1 Keyword:2 Space:1 Id:2 Space:1 Lp:1 Id:11 Rp:1 Semi:1 
Keyword:6 Space:1 Keyword:5 Space:1 Id:4 Space:1 Keyword:2 Space:1 Id:2 Space:1 Lp:1 Id:6 Rp:1 Semi:1 
Keyword:6 Space:1 Keyword:5 Space:1 Id:4 Space:1 Keyword:2 Space:1 Id:2 Space:1 Lp:1 Id:9 Rp:1 Semi:1 
Keyword:6 Space:1 Keyword:5 Space:1 Id:3 Space:1 Keyword:2 Space:1 Id:2 Lp:1 Id:1 Rp:1 Semi:1 
Keyword:6 Space:1 Keyword:5 Space:1 Id:4 Space:1 Keyword:2 Space:1 Id:2 Lp:1 Id:1 Comma:1 Id:1 Rp:1 Semi:1 
Keyword:6 Space:1 Keyword:5 Space:1 Id:6 Space:1 Keyword:2 Space:1 Id:6 Lp:1 Id:1 Rp:1 Semi:1 
Keyword:6 Space:1 Keyword:5 Space:1 Id:7 Space:1 Keyword:2 Space:1 Id:2 Lp:1 Id:1 Space:1 Keyword:7 Space:1 Id:6 Rp:1 Semi:1 
Keyword:6 Space:1 Keyword:5 Space:1 Id:7 Space:1 Keyword:2 Space:1 Id:2 Lp:1 Id:1 Space:1 Keyword:7 Space:1 Id:6 Rp:1 Semi:1 
Keyword:6 Space:1 Keyword:5 Space:1 Id:3 Space:1 Keyword:2 Space:1 Id:2 Lp:1 Id:1 Rp:1 Semi:1 
Keyword:6 Space:1 Keyword:5 Space:1 Id:3 Space:1 Keyword:2 Space:1 Id:2 Lp:1 Id:1 Comma:1 Space:1 Id:1 Rp:1 Semi:1 
Keyword:6 Space:1 Keyword:5 Space:1 Id:4 Space:1 Keyword:2 Space:1 Id:2 Lp:1 Id:1 Comma:1 Space:1 Id:1 Minus:1 Integer:1 Rp:1 Semi:1 
Keyword:6 Space:1 Keyword:5 Space:1 Id:3 Space:1 Keyword:2 Space:1 Id:2 Lp:1 Id:1 Rp:1 Semi:1 
Keyword:6 Space:1 Keyword:5 Space:1 Id:3 Space:1 Keyword:2 Space:1 Id:2 Lp:1 Id:1 Comma:1 Space:1 Id:1 Rp:1 Semi:1 
Keyword:6 Space:1 Keyword:5 Space:1 Id:4 Space:1 Keyword:2 Space:1 Id:2 Lp:1 Id:1 Rp:1 Semi:1 
Keyword:6 Space:1 Keyword:5 Space:1 Id:4 Space:1 Keyword:2 Space:1 Id:2 Lp:1 Id:1 Rp:1 Semi:1 
Keyword:6 Space:1 Keyword:5 Space:1 Id:4 Space:1 Keyword:2 Space:1 Id:2 Lp:1 Id:1 Comma:1 Id:1 Comma:1 Id:1 Comma:1 Id:1 Rp:1 Semi:1 
Keyword:6 Space:1 Keyword:5 Space:1 Id:4 Space:1 Keyword:2 Space:1 Id:2 Lp:1 Id:1 Rp:1 Semi:1 
Keyword:6 Space:1 Keyword:5 Space:1 Id:4 Space:1 Keyword:2 Space:1 Id:2 Lp:1 Id:1 Comma:1 Id:1 Comma:1 Id:1 Comma:1 Id:1 Rp:1 Semi:1 
Keyword:6 Space:1 Keyword:5 Space:1 Id:4 Space:1 Keyword:2 Space:1 Id:2 Lp:1 Id:1 Plus:1 Id:1 Rp:1 Semi:1 
Keyword:6 Space:1 Keyword:5 Space:1 Id:4 Space:1 Keyword:2 Space:1 Id:2 Space:1 Lp:1 Id:3 Rp:1 Semi:1 
Keyword:6 Space:1 Keyword:5 Space:1 Id:4 Space:1 Keyword:2 Space:1 Id:2 Space:1 Lp:1 Id:6 Rp:1 Semi:1 
Keyword:6 Space:1 Keyword:5 Space:1 Id:4 Space:1 Keyword:2 Space:1 Id:2 Space:1 Lp:1 Id:4 Rp:1 Semi:1 
Keyword:6 Space:1 Keyword:5 Space:1 Id:4 Space:1 Keyword:2 Space:1 Id:2 Space:1 Lp:1 Id:6 Rp:1 Semi:1 
Keyword:6 Space:1 Keyword:5 Space:1 Id:4 Space:1 Keyword:2 Space:1 Id:2 Space:1 Lp:1 Id:6 Rp:1 Semi:1 
Keyword:6 Space:1 Keyword:5 Space:1 Id:4 Space:1 Keyword:2 Space:1 Id:2 Space:1 Lp:1 Id:3 Rp:1 Semi:1 
Keyword:6 Space:1 Keyword:5 Space:1 Id:4 Space:1 Keyword:2 Space:1 Id:2 Space:1 Lp:1 Id:5 Rp:1 Semi:1 
Keyword:6 Space:1 Keyword:5 Space:1 Id:3 Space:1 Keyword:2 Space:1 Id:2 Lp:1 Id:1 Space:1 Keyword:7 Space:1 Id:6 Rp:1 Semi:1 
Keyword:6 Space:1 Keyword:5 Space:1 Id:3 Space:1 Keyword:2 Space:1 Id:2 Lp:1 Id:1 Rp:1 Semi:1 
Keyword:6 Space:1 Keyword:5 Space:1 Id:3 Space:1 Keyword:2 Space:1 Id:2 Lp:1 Id:1 Comma:1 Space:1 Id:1 Space:1 Keyword:7 Space:1 Id:6 Rp:1 Semi:1 
Keyword:6 Space:1 Keyword:5 Space:1 Id:3 Space:1 Keyword:2 Space:1 Id:2 Lp:1 Id:1 Comma:1 Space:1 Id:1 Rp:1 Semi:1 
Keyword:6 Space:1 Keyword:5 Space:1 Id:3 Space:1 Keyword:2 Space:1 Id:2 Lp:1 Id:1 Rp:1 Semi:1 
Keyword:6 Space:1 Keyword:5 Space:1 Id:3 Space:1 Keyword:2 Space:1 Id:2 Lp:1 Id:1 Comma:1 Space:1 Id:1 Rp:1 Semi:1 
Keyword:6 Space:1 Keyword:5 Space:1 Id:4 Space:1 Keyword:2 Space:1 Id:2 Lp:1 Id:1 Rp:1 Semi:1 
Keyword:6 Space:1 Keyword:5 Space:1 Id:4 Space:1 Keyword:2 Space:1 Id:2 Lp:1 Id:1 Comma:1 Space:1 Id:1 Rp:1 Semi:1 
Keyword:6 Space:1 Keyword:5 Space:1 Id:4 Space:1 Keyword:2 Space:1 Id:2 Lp:1 Id:1 Rp:1 Semi:1 
Keyword:6 Space:1 Keyword:5 Space:1 Id:4 Space:1 Keyword:2 Space:1 Id:2 Lp:1 Id:1 Rp:1 Semi:1 
Keyword:6 Space:1 Keyword:5 Space:1 Id:4 Space:1 Keyword:2 Space:1 Id:2 Lp:1 Id:1 Comma:1 Id:1 Comma:1 Id:1 Rp:1 Semi:1 
Keyword:6 Space:1 Keyword:5 Space:1 Id:4 Space:1 Keyword:2 Space:1 Id:2 Lp:1 Id:1 Rp:1 Semi:1 
Keyword:6 Space:1 Keyword:5 Space:1 Id:3 Space:1 Keyword:2 Space:1 Id:2 Lp:1 Id:1 Rp:1 Semi:1 
Keyword:6 Space:1 Keyword:5 Space:1 Id:3 Space:1 Keyword:2 Space:1 Id:2 Lp:1 Id:1 Rp:1 Semi:1 
Keyword:6 Space:1 Keyword:5 Space:1 Id:3 Space:1 Keyword:2 Space:1 Id:2 Lp:1 Id:1 Rp:1 Semi:1 
Keyword:6 Space:1 Keyword:5 Space:1 Id:3 Space:1 Keyword:2 Space:1 Id:2 Lp:1 Id:1 Rp:1 Semi:1 
Keyword:6 Space:1 Keyword:5 Space:1 Id:3 Space:1 Keyword:2 Space:1 Id:2 Lp:1 Id:1 Rp:1 Semi:1 
Keyword:6 Space:1 Keyword:5 Space:1 Id:3 Space:1 Keyword:2 Space:1 Id:2 Lp:1 Id:1 Rp:1 Semi:1 
Keyword:6 Space:1 Keyword:5 Space:1 Id:3 Space:1 Keyword:2 Space:1 Id:2 Lp:1 Id:1 Rp:1 Semi:1 
Keyword:6 Space:1 Keyword:5 Space:1 Id:4 Space:1 Keyword:2 Space:1 Id:2 Lp:1 Id:1 Comma:1 Space:1 Id:1 Rp:1 Semi:1 
Keyword:6 Space:1 Keyword:5 Space:1 Id:4 Space:1 Keyword:2 Space:1 Id:2 Lp:1 Id:1 Rp:1 Semi:1 
Keyword:6 Space:1 Keyword:5 Space:1 Id:3 Space:1 Keyword:2 Space:1 Id:2 Lp:1 Id:1 Rp:1 Semi:1 
Keyword:6 Space:1 Keyword:5 Space:1 Id:8 Space:1 Keyword:2 Space:1 Id:5 Lp:1 Id:3 Rp:1 Semi:1 
Keyword:6 Space:1 Keyword:5 Space:1 Id:8 Space:1 Keyword:2 Space:1 Id:5 Lp:1 Id:3 Rp:1 Semi:1 
Keyword:6 Space:1 Keyword:5 Space:1 Id:3 Space:1 Keyword:2 Space:1 Id:1 Lp:1 Id:1 Comma:1 Space:1 Id:1 Rp:1 Semi:1 
Keyword:6 Space:1 Keyword:5 Space:1 Id:4 Space:1 Keyword:2 Space:1 Id:1 Lp:1 Id:1 Comma:1 Id:1 Comma:1 Id:1 Rp:1 Semi:1 
Keyword:6 Space:1 Keyword:5 Space:1 Id:2 Space:1 Keyword:2 Space:1 Id:1 Lp:1 Id:1 Rp:1 Semi:1 
Keyword:6 Space:1 Keyword:5 Space:1 Id:1 Space:1 Keyword:2 Space:1 Id:2 Lp:1 Id:1 Rp:1 Semi:1 
Keyword:6 Space:1 Keyword:5 Space:1 Id:2 Space:1 Keyword:2 Space:1 Id:2 Lp:1 Id:1 Rp:1 Semi:1 
Keyword:6 Space:1 Keyword:5 Space:1 Id:2 Space:1 Keyword:2 Space:1 Id:2 Lp:1 Id:3 Comma:1 Space:1 Id:2 Rp:1 Semi:1 
Keyword:6 Space:1 Keyword:5 Space:1 Id:2 Space:1 Keyword:2 Space:1 Id:2 Lp:1 Id:3 Eq:1 Id:1 Rp:1 Semi:1 
Keyword:6 Space:1 Keyword:5 Space:1 Id:3 Space:1 Keyword:2 Space:1 Id:2 Lp:1 Id:1 Rp:1 Semi:1 
Keyword:6 Space:1 Keyword:5 Space:1 Id:3 Space:1 Keyword:2 Space:1 Id:2 Lp:1 Id:3 Plus:1 Id:5 Plus:1 Id:6 Rp:1 Space:1 Keyword:5 Space:1 Id:6 Semi:1 
Keyword:6 Space:1 Keyword:5 Space:1 Id:4 Space:1 Keyword:2 Space:1 Id:2 Lp:1 Id:1 Rp:1 
Keyword:6 Space:1 Keyword:5 Space:1 Id:5 Space:1 Keyword:2 Space:1 Id:2 Lp:1 Id:1 Space:1 Keyword:7 Space:1 Id:14 Rp:1 Semi:1 
Keyword:6 Space:1 Keyword:5 Space:2 Id:2 Space:1 Lp:1 Id:2 Comma:1 Space:1 Keyword:7 Space:1 Keyword:3 Lp:1 Space:1 Id:2 Space:1 Rp:1 Rp:1 Space:1 Keyword:7 Space:1 Id:5 Semi:1 
Keyword:6 Space:1 Keyword:5 Space:1 Id:6 Space:1 Lp:1 
Keyword:6 Space:1 Keyword:5 Space:1 Id:9 Space:1 Lp:1 Space:1 Id:5 Space:1 Id:7 Space:1 Keyword:7 Space:1 Keyword:3 Comma:1 Space:1 Id:6 Space:1 Id:4 Rp:1 Semi:1 
Keyword:6 Space:1 Keyword:5 Space:1 Id:7 Lp:1 Id:3 Rp:1 Semi:1 
Keyword:6 Space:1 Keyword:5 Space:1 Illegal:1 Illegal:1 Id:9 Illegal:1 Dot:1 Id:2 Lp:1 Id:1 Comma:1 Space:1 Id:1 Rp:1 Semi:1 
Keyword:6 Space:1 Keyword:5 Space:1 Illegal:1 Illegal:1 Id:8 Illegal:1 Lp:1 Id:1 Comma:1 Space:1 Id:1 Comma:1 Space:1 Id:1 Rp:1 Semi:1 
Keyword:6 Space:1 Keyword:5 Space:1 String:4 Dot:1 String:4 Lp:1 Id:1 Comma:1 Space:1 Id:1 Comma:1 Space:1 Id:1 Rp:1 Semi:1 
Keyword:6 Space:1 Keyword:5 Space:1 String:4 Dot:1 Keyword:2 Lp:1 Id:1 Comma:1 Space:1 Id:1 Comma:1 Space:1 Id:1 Rp:1 Semi:1 
Keyword:6 Space:1 Keyword:5 Space:1 String:4 Dot:1 Id:2 Lp:1 Id:1 Comma:1 Space:1 Id:1 Comma:1 Space:1 Id:1 Rp:1 Semi:1 
Keyword:6 Space:1 Keyword:5 Space:1 String:10 Lp:1 Id:1 Comma:1 Space:1 Id:1 Space:1 Keyword:7 Space:1 Keyword:3 Comma:1 Space:1 Id:1 Space:1 Keyword:2 Space:1 Lp:1 Id:1 Plus:1 Id:1 Rp:1 Space:1 Variable:3 Comma:1 Space:1 Id:1 Rp:1 Space:1 Variable:3 
Keyword:6 Space:1 Keyword:5 Space:1 String:9 Lp:1 String:5 Comma:1 Space:1 String:5 Comma:1 Space:1 String:5 Rp:1 Semi:1 
Keyword:6 Space:1 Keyword:5 Space:1 Comment:8 Space:1 Id:6 Lp:1 Id:1 Rp:1 Semi:1 
Keyword:6 Space:1 Keyword:5 Space:1 Id:1 Lp:1 Id:4 Space:1 Id:4 Rp:1 Semi:1 
Keyword:6 Space:1 Keyword:5 Space:1 Id:3 Space:1 Lp:1 
Keyword:6 Space:1 Keyword:5 Space:1 Id:1 Lp:1 Id:4 Space:1 Id:4 Rp:1 Semi:1 
Keyword:6 Space:1 Keyword:5 Space:1 Keyword:2 Space:1 Keyword:3 Space:1 Keyword:6 Space:1 Id:3 Dot:1 Id:2 Lp:1 Id:1 Comma:1 Space:1 Id:1 Rp:1 Semi:1 
Keyword:6 Space:1 Keyword:5 Space:1 Id:5 Lp:1 Id:8 Space:1 Id:4 Space:1 Comma:1 Space:1 Id:4 Space:1 Id:4 Rp:1 Semi:1 
Keyword:6 Space:1 Keyword:5 Space:1 Keyword:2 Dot:1 Id:2 Lp:1 Id:1 Comma:1 Space:1 Id:1 Comma:1 Space:1 Id:1 Rp:1 Semi:1 
Keyword:6 Space:1 Keyword:5 Space:1 Id:3 Space:1 Lp:1 
Keyword:6 Space:1 Keyword:5 Space:1 Id:11 Lp:1 Id:1 Space:1 Id:7 Space:1 Keyword:7 Space:1 Keyword:3 Space:1 Keyword:13 Rp:1 Semi:1 
Keyword:6 Space:1 Keyword:5 Space:1 Id:2 Space:1 Lp:1 Id:1 Space:1 Id:7 Space:1 Keyword:3 Space:1 Keyword:4 Comma:1 
Keyword:6 Space:1 Keyword:5 Space:1 Id:2 Space:1 Lp:1 Id:1 Space:1 Id:7 Space:1 Keyword:3 Space:1 Keyword:4 Comma:1 
Keyword:6 Space:1 Keyword:5 Space:1 Id:3 Space:1 Lp:1 
Keyword:6 Space:1 Keyword:5 Space:1 Id:6 Space:1 Lp:1 Id:4 Space:1 Comma:1 Space:1 Keyword:5 Lp:1 Id:6 Dot:1 Id:4 Space:1 Keyword:3 Space:1 Keyword:4 Space:1 Rp:1 Space:1 Rp:1 Space:1 Semi:1 
Keyword:6 Space:1 Keyword:5 Space:1 Id:6 Space:1 Lp:1 Id:3 Space:1 Id:4 Space:1 Keyword:3 Space:1 Keyword:4 Space:1 Keyword:7 Space:1 Keyword:3 Rp:1 Semi:1 
Keyword:6 Space:1 Keyword:5 Space:1 Id:14 Lp:1 Id:1 Comma:1 Space:1 Id:1 Comma:1 Space:1 Id:1 Rp:1 Semi:1 
Keyword:6 Space:1 Keyword:5 Space:1 Id:7 Lp:1 Id:1 Space:1 Keyword:6 Comma:1 Space:1 Id:1 Space:1 Keyword:7 Space:1 Keyword:3 Rp:1 Semi:1 
Keyword:6 Space:1 Keyword:5 Space:1 Id:1 Lp:1 Id:1 Rp:1 Semi:1 
Keyword:6 Space:1 Keyword:5 Space:1 Id:1 Lp:1 Id:1 Comma:1 Id:1 Space:1 Keyword:10 Space:1 Id:1 Space:1 Keyword:6 Space:1 Keyword:2 Space:1 Keyword:8 Space:1 Keyword:4 Comma:1 Keyword:10 Space:1 Id:1 Rp:1 Semi:1 
Keyword:6 Space:1 Keyword:5 Space:1 Id:1 Lp:1 Id:1 Rp:1 Semi:1 
Keyword:6 Space:1 Keyword:5 Space:1 Id:2 Lp:1 Id:10 Comma:1 Space:1 Id:4 Space:1 Comma:1 Space:1 Keyword:6 Lp:1 Id:10 Comma:1 Space:1 Id:4 Rp:1 Space:1 Rp:1 Semi:1 
Keyword:6 Space:1 Keyword:5 Space:1 Id:2 Lp:1 Id:1 Space:1 Id:7 Comma:1 Space:1 Id:1 Space:1 Id:4 Comma:1 Space:1 Id:1 Space:1 Id:4 Comma:1 Space:1 Keyword:7 Space:1 Keyword:3 Lp:1 Id:1 Rp:1 Rp:1 Semi:1 
Keyword:6 Space:1 Keyword:5 Space:1 Id:2 Lp:1 Id:1 Space:1 Id:7 Space:1 Keyword:7 Space:1 Keyword:3 Comma:1 Space:1 Id:1 Comma:1 Space:1 Id:1 Rp:1 Semi:1 
Keyword:6 Space:1 Keyword:5 Space:1 Id:2 Lp:1 Id:1 Comma:1 Space:1 Id:1 Comma:1 Space:1 Id:1 Rp:1 Semi:1 
Keyword:6 Space:1 Keyword:5 Space:1 Id:2 Lp:1 Id:1 Space:1 Id:3 Rp:1 Semi:1 Space:2 Keyword:6 Space:1 Keyword:4 Space:1 Id:2 Lp:1 Id:1 Rp:1 Space:1 Keyword:6 Lp:1 Integer:3 Rp:1 Semi:1 
Keyword:6 Space:1 Keyword:5 Space:1 Id:2 Lp:1 Id:1 Comma:1 Space:1 Id:1 Rp:1 Semi:1 
Keyword:6 Space:1 Keyword:5 Space:1 Id:3 Space:1 Keyword:2 Space:1 Keyword:6 Space:1 Integer:1 Space:1 Keyword:2 Space:1 Id:1 Comma:1 Space:1 Integer:1 Space:1 Keyword:2 Space:1 Id:1 Comma:1 Space:1 Integer:1 Space:1 Keyword:2 Space:1 Id:1 Semi:1 
Keyword:6 Space:1 Keyword:5 Space:1 Id:3 Lp:1 Id:1 Space:1 Keyword:7 Space:1 Id:8 Comma:1 Space:1 Id:1 Comma:1 Space:1 Id:1 Rp:1 Semi:1 
Keyword:6 Space:1 Keyword:5 Space:1 Id:3 Lp:1 Id:1 Space:1 Keyword:7 Space:1 Id:6 Comma:1 Space:1 Id:1 Comma:1 Space:1 Id:1 Rp:1 Semi:1 
Keyword:6 Space:1 Keyword:5 Space:1 Id:3 Lp:1 Id:1 Space:1 Keyword:7 Space:1 Keyword:3 Comma:1 Space:1 Id:1 Comma:1 Space:1 Id:1 Rp:1 Space:1 Keyword:7 Space:1 Id:5 Semi:1 
Keyword:6 Space:1 Keyword:5 Space:1 Id:3 Lp:1 Id:1 Space:1 Keyword:7 Space:1 Keyword:3 Comma:1 Space:1 Id:1 Comma:1 Space:1 Id:1 Rp:1 Semi:1 
Keyword:6 Space:1 Keyword:5 Space:1 Id:3 Lp:1 Id:1 Space:1 Keyword:6 Comma:1 Space:1 Id:1 Comma:1 Space:1 Id:1 Rp:1 Semi:1 
Keyword:6 Space:1 Keyword:5 Space:1 Id:3 Lp:1 Id:1 Rp:1 Semi:1 
Keyword:6 Space:1 Keyword:5 Space:1 Id:3 Lp:1 Id:1 Comma:1 Space:1 Id:1 Space:1 Keyword:10 Space:1 Id:3 Space:1 Keyword:7 Space:1 Id:6 Space:1 Keyword:5 Space:1 Lp:1 Id:1 Ne:2 Id:1 Rp:1 Comma:1 Space:1 Id:1 Space:1 Keyword:10 Space:1 Id:3 Space:1 Keyword:7 Space:1 String:5 Rp:1 Semi:1 
Keyword:6 Space:1 Keyword:5 Space:1 Id:3 Lp:1 Id:1 Comma:1 Space:1 Id:1 Space:1 Keyword:9 Space:1 Keyword:6 Space:1 Keyword:2 Space:1 Lp:1 Id:1 Plus:1 Integer:1 Rp:1 Rp:1 Semi:1 
Keyword:6 Space:1 Keyword:5 Space:1 Id:3 Lp:1 Id:1 Comma:1 Space:1 Id:1 Space:1 Keyword:3 Space:1 Keyword:4 Space:1 Keyword:2 Space:1 Lp:1 Id:1 Plus:1 Integer:1 Rp:1 Rp:1 
Keyword:6 Space:1 Keyword:5 Space:1 Id:3 Lp:1 Id:1 Comma:1 Space:1 Id:1 Rp:1 Semi:1 
Keyword:6 Space:1 Keyword:5 Space:1 Id:3 Lp:1 Id:1 Comma:1 Space:1 Id:1 Comma:1 Space:1 Id:1 Rp:1 Semi:1 
Keyword:6 Space:1 Keyword:5 Space:1 Id:3 Lp:1 Id:1 Comma:1 Space:1 Id:1 Comma:1 Space:1 Id:1 Rp:1 Semi:1 Space:26 Comment:14 
Keyword:6 Space:1 Keyword:5 Space:1 Id:3 Lp:1 Id:1 Comma:1 Space:1 Id:1 Comma:1 Space:1 Id:1 Comma:1 Space:1 Keyword:10 Space:1 Id:3 Space:1 Keyword:5 Space:1 Lp:1 Id:1 Gt:1 Id:1 Rp:1 Space:1 Keyword:7 Space:1 Keyword:3 Lp:1 Id:1 Rp:1 Space:1 Keyword:10 Space:1 Id:3 Rp:1 Semi:1 
Keyword:6 Space:1 Keyword:5 Space:1 Id:3 Lp:1 Id:1 Comma:1 Space:1 Id:1 Comma:1 Space:1 Id:1 Comma:1 Space:1 Keyword:10 Space:1 Id:3 Space:1 Keyword:10 Space:1 Id:3 Space:1 Keyword:5 Space:1 Lp:1 Id:1 Ne:2 Id:1 Rp:1 Rp:1 Semi:1 
Keyword:6 Space:1 Keyword:5 Space:1 Id:3 Lp:1 Id:1 Comma:1 Space:1 Id:1 Comma:1 Space:1 Id:1 Comma:1 Space:1 Keyword:10 Space:1 Id:3 Space:1 Keyword:7 Space:1 Keyword:3 Lp:1 Id:1 Rp:1 Space:1 Keyword:10 Space:1 Id:3 Rp:1 Semi:1 
Keyword:6 Space:1 Keyword:5 Space:1 Id:3 Lp:1 Id:1 Comma:1 Space:1 Id:1 Comma:1 Space:1 Id:1 Comma:1 Space:1 Keyword:10 Space:1 Id:3 Space:1 Keyword:5 Space:1 Lp:1 Id:1 Ne:2 Id:1 Rp:1 Comma:1 Space:1 Id:1 Rp:1 
Keyword:6 Space:1 Keyword:5 Space:1 Id:3 Lp:1 Id:1 Comma:1 Id:1 Rp:1 Semi:1 
Keyword:6 Space:1 Keyword:5 Space:1 Id:5 Lp:1 Id:1 Space:1 Keyword:7 Space:1 Id:8 Comma:1 Space:1 Id:1 Comma:1 Space:1 Id:1 Rp:1 Semi:1 
Keyword:6 Space:1 Keyword:5 Space:1 Id:4 Lp:1 Id:1 Space:1 Keyword:7 Space:1 Keyword:3 Space:1 Keyword:7 Space:1 Id:6 Comma:1 Space:1 Id:1 Space:1 Id:7 Lp:1 Integer:2 Rp:1 Comma:1 Space:1 Id:1 Rp:1 Semi:1 
Keyword:6 Space:1 Keyword:5 Space:1 Id:4 Lp:1 Id:1 Rp:1 Semi:1 
Keyword:6 Space:1 Keyword:5 Space:1 Id:4 Lp:1 Id:1 Comma:1 Space:1 Id:1 Comma:1 Space:1 Id:1 Rp:1 Semi:1 
Keyword:6 Space:1 Keyword:5 Space:1 Id:4 Lp:1 Id:1 Comma:1 Space:1 Id:1 Comma:1 Space:1 Id:1 Rp:1 Semi:1 Space:24 Comment:4 
Keyword:6 Space:1 Keyword:5 Space:1 Id:4 Lp:1 Id:1 Rp:1 Semi:1 
Keyword:6 Space:1 Keyword:5 Space:1 Id:4 Lp:1 Id:1 Space:1 Keyword:3 Space:1 Keyword:4 Comma:1 Space:1 Id:1 Space:1 Id:7 Space:1 Keyword:7 Space:1 Keyword:3 Comma:1 Space:1 Id:1 Rp:1 Semi:1 
Keyword:6 Space:1 Keyword:5 Space:1 Id:4 Lp:1 Id:1 Rp:1 Semi:1 
Keyword:6 Space:1 Keyword:5 Space:1 Id:4 Lp:1 Id:1 Comma:1 Space:1 Id:1 Rp:1 Semi:1 
Keyword:6 Space:1 Keyword:5 Space:1 Id:4 Lp:1 Id:1 Comma:1 Space:1 Id:1 Space:1 Id:7 Space:1 Keyword:7 Space:1 Keyword:3 Space:1 Keyword:13 Comma:1 Space:1 Id:1 Rp:1 Semi:1 
Keyword:6 Space:1 Keyword:5 Space:1 Id:4 Lp:1 Id:1 Comma:1 Id:1 Comma:1 Id:1 Comma:1 Id:1 Comma:1 Keyword:7 Space:1 Keyword:3 Lp:1 Id:1 Comma:1 Id:1 Rp:1 Rp:1 Space:1 Keyword:7 Space:1 Id:5 Semi:1 
Keyword:6 Space:1 Keyword:5 Space:1 Id:4 Lp:1 Id:5 Space:1 Id:4 Space:1 Keyword:7 Space:1 Id:5 Comma:1 Space:1 Id:3 Space:1 Id:4 Comma:1 Space:1 Id:7 Space:1 Id:4 Rp:1 Semi:1 
Keyword:6 Space:1 Keyword:5 Space:1 Id:8 Lp:1 
Keyword:6 Space:1 Keyword:5 Space:1 Id:9 Space:1 Lp:1 Id:5 Space:1 Id:7 Space:1 Keyword:7 Space:1 Keyword:3 Comma:1 Space:1 Id:7 Space:1 Keyword:7 Space:1 Id:6 Comma:1 Space:1 Id:7 Comma:1 Space:1 Keyword:6 Lp:1 Id:7 Comma:1 Space:1 Id:7 Rp:1 Rp:1 Semi:1 
Keyword:6 Space:1 Keyword:5 Space:1 Id:5 Lp:1 
Keyword:6 Space:1 Keyword:5 Space:1 Id:6 Space:1 Lp:1 
Keyword:6 Space:1 Keyword:5 Space:1 Id:3 Space:1 Lp:1 Id:2 Space:1 Id:3 Space:1 Keyword:7 Space:1 Keyword:3 Comma:1 Space:1 Id:3 Space:1 Id:4 Rp:1 Semi:1 
Keyword:6 Space:1 Keyword:5 Space:1 Id:7 Space:1 Lp:1 
Keyword:6 Space:1 Keyword:5 Space:1 Id:3 Dot:1 Id:2 Lp:1 Id:1 Comma:1 Space:1 Id:1 Rp:1 Semi:1 
Keyword:6 Space:1 Keyword:5 Space:1 Id:3 Dot:1 Id:4 Space:1 Keyword:2 Space:1 Keyword:6 Space:1 Integer:1 Star:1 Id:1 Space:1 Keyword:2 Space:1 Id:1 Comma:1 Space:1 Integer:1 Star:1 Id:1 Space:1 Keyword:2 Space:1 Id:1 Comma:1 Space:1 Integer:1 Star:1 Id:1 Space:1 Keyword:2 Space:1 Id:1 Space:1 Keyword:4 Space:1 Id:3 Semi:1 
Keyword:6 Space:1 Keyword:5 Space:1 Id:3 Dot:1 Id:2 Lp:1 Id:1 Space:1 Id:7 Space:1 Keyword:7 Space:1 Keyword:3 Comma:1 Space:1 Id:1 Space:1 Keyword:10 Space:1 Id:2 Lp:1 Id:1 Rp:1 Rp:1 Semi:1 
Keyword:6 Space:1 Keyword:5 Space:1 Id:3 Dot:1 Id:2 Lp:1 Id:1 Space:1 Id:7 Space:1 Keyword:7 Space:1 Keyword:3 Comma:1 Space:1 Id:1 Space:1 Keyword:10 Space:1 Id:2 Lp:1 Id:1 Rp:1 Rp:1 Semi:1 
Keyword:6 Space:1 Keyword:5 Space:1 Id:3 Dot:1 Id:3 Lp:1 Id:1 Rp:1 Semi:1 
Keyword:6 Space:1 Keyword:5 Space:1 Id:3 Dot:1 Id:2 Lp:1 Id:1 Space:1 Id:7 Space:1 Keyword:7 Space:1 Keyword:3 Comma:1 Space:1 Id:1 Rp:1 Semi:1 
Keyword:6 Space:1 Keyword:5 Space:1 Id:3 Dot:1 Id:2 Space:1 Keyword:2 Space:1 Keyword:6 Space:1 Star:1 Space:1 Keyword:4 Space:1 Id:2 Semi:1 
Keyword:6 Space:1 Keyword:5 Space:1 Id:3 Dot:1 Id:2 Lp:1 Id:1 Comma:1 Space:1 Id:1 Rp:1 Semi:1 
Keyword:6 Space:1 Keyword:5 Space:1 Id:3 Dot:1 Id:2 Lp:1 Id:1 Comma:1 Space:1 Id:1 Comma:1 Space:1 Id:1 Rp:1 Semi:1 
Keyword:6 Space:1 Keyword:5 Space:1 Id:3 Dot:1 Id:2 Lp:1 Id:1 Rp:1 Semi:1 
Keyword:6 Space:1 Keyword:5 Space:1 Id:3 Dot:1 Id:2 Lp:1 Id:1 Comma:1 Space:1 Id:1 Comma:1 Space:1 Id:1 Rp:1 Semi:1 
Keyword:6 Space:1 Keyword:5 Space:1 Id:3 Dot:1 Id:2 Lp:1 Id:1 Comma:1 Space:1 Id:1 Rp:1 Semi:1 
Keyword:6 Space:1 Keyword:5 Space:1 Id:3 Dot:1 Id:2 Lp:1 Id:1 Comma:1 Space:1 Id:1 Comma:1 Space:1 Id:1 Rp:1 Semi:1 
Keyword:6 Space:1 Keyword:5 Space:1 Id:3 Dot:1 Id:2 Lp:1 Id:1 Comma:1 Space:1 Id:1 Rp:1 Semi:1 
Keyword:6 Space:1 Keyword:5 Space:1 Id:3 Dot:1 Id:2 Lp:1 Id:1 Space:1 Keyword:7 Space:1 Keyword:3 Comma:1 Space:1 Id:1 Comma:1 Space:1 Id:1 Rp:1 Semi:1 
Keyword:6 Space:1 Keyword:5 Space:1 Id:3 Dot:1 Id:2 Lp:1 Id:1 Comma:1 Space:1 Id:1 Comma:1 Space:1 Id:1 Rp:1 Semi:1 
Keyword:6 Space:1 Keyword:5 Space:1 Id:3 Dot:1 Id:2 Lp:1 Id:1 Comma:1 Space:1 Id:1 Rp:1 Semi:1 
Keyword:6 Space:1 Keyword:5 Space:1 Id:3 Dot:1 Id:3 Lp:1 Id:1 Comma:1 Space:1 Id:1 Comma:1 Space:1 Id:1 Rp:1 Semi:1 
Space:3 Keyword:6 Space:1 Integer:1 
Space:3 
Id:2 
Id:2 
Id:1 
Id:2 
Id:5 
Illegal:1 Lp:1 Id:1 Rp:1 
Illegal:1 Lp:1 Rp:1 
Illegal:1 Lp:1 Id:1 Rp:1 
Illegal:1 Lp:1 Id:1 Rp:1 
Variable:1 Lp:1 Id:1 Rp:1 
Illegal:3 
Illegal:4 
Illegal:1 
Id:1 Illegal:1 Id:1 
Illegal:1 
Id:5 
Id:3 
